V/audio_hw_primary(17110): Parsing control AIF3ADC Mux => 1
V/audio_hw_primary(17110): Parsing control HP Switch => 0
V/audio_hw_primary(17110): Parsing control SPK Switch => 0
V/audio_hw_primary(17110): Parsing control RCV Switch => 0
V/audio_hw_primary(17110): Parsing control LINE Switch => 0
V/audio_hw_primary(17110): Parsing control HDMI Switch => 0
V/audio_hw_primary(17110): Parsing control Main Mic Switch => 0
V/audio_hw_primary(17110): Parsing control Sub Mic Switch => 0
V/audio_hw_primary(17110): Parsing control Headset Mic Switch => 0
V/audio_hw_primary(17110): Parsing control FM In Switch => 0
V/audio_hw_primary(17110): Applying 76 element default route
V/audio_hw_primary(17110): Set 'AIF2DACL Source'.0 to 0
V/audio_hw_primary(17110): Set 'AIF2DACR Source'.0 to 0
V/audio_hw_primary(17110): Set 'AIF2ADCL Source'.0 to 0
V/audio_hw_primary(17110): Set 'AIF2ADCR Source'.0 to 1
V/audio_hw_primary(17110): Set 'DAC1 Switch'.0 to 1
V/audio_hw_primary(17110): Set 'DAC1 Switch'.1 to 1
V/audio_hw_primary(17110): Set 'IN1L ZC Switch'.0 to 0
V/audio_hw_primary(17110): Set 'IN1R ZC Switch'.0 to 0
V/audio_hw_primary(17110): Set 'IN2L ZC Switch'.0 to 0
V/audio_hw_primary(17110): Set 'IN2R ZC Switch'.0 to 0
V/audio_hw_primary(17110): Set 'Output ZC Switch'.0 to 0
V/audio_hw_primary(17110): Set 'Output ZC Switch'.1 to 0
V/audio_hw_primary(17110): Set 'Speaker ZC Switch'.0 to 0
V/audio_hw_primary(17110): Set 'Speaker ZC Switch'.1 to 0
V/audio_hw_primary(17110): Set 'Headphone ZC Switch'.0 to 0
V/audio_hw_primary(17110): Set 'Headphone ZC Switch'.1 to 0
V/audio_hw_primary(17110): Set 'DAC1L Mixer AIF1.1 Switch'.0 to 1
V/audio_hw_primary(17110): Set 'DAC1R Mixer AIF1.1 Switch'.0 to 1
V/audio_hw_primary(17110): Set 'DAC1 Switch'.0 to 1
V/audio_hw_primary(17110): Set 'DAC1 Switch'.1 to 1
V/audio_hw_primary(17110): Set 'AIF2DAC2L Mixer Left Sidetone Switch'.0 to 1
V/audio_hw_primary(17110): Set 'AIF2DAC2L Mixer Right Sidetone Switch'.0 to 0
V/audio_hw_primary(17110): Set 'AIF2DAC2R Mixer Left Sidetone Switch'.0 to 0
V/audio_hw_primary(17110): Set 'AIF2DAC2R Mixer Right Sidetone Switch'.0 to 1
V/audio_hw_primary(17110): Set 'DAC2 Left Sidetone Volume'.0 to 12
V/audio_hw_primary(17110): Set 'DAC2 Right Sidetone Volume'.0 to 12
V/audio_hw_primary(17110): Set 'DAC2 Switch'.0 to 1
V/audio_hw_primary(17110): Set 'DAC2 Switch'.1 to 1
V/audio_hw_primary(17110): Set 'Left Headphone Mux' to 'Mixer'
V/audio_hw_primary(17110): Set 'Right Headphone Mux' to 'Mixer'
V/audio_hw_primary(17110): Set 'SPKL DAC1 Switch'.0 to 1
V/audio_hw_primary(17110): Set 'SPKR DAC1 Switch'.0 to 1
V/audio_hw_primary(17110): Set 'SPKL Boost SPKL Switch'.0 to 1
V/audio_hw_primary(17110): Set 'SPKL Boost SPKR Switch'.0 to 1
V/audio_hw_primary(17110): Set 'SPKR Boost SPKL Switch'.0 to 0
V/audio_hw_primary(17110): Set 'SPKR Boost SPKR Switch'.0 to 1
V/audio_hw_primary(17110): Set 'Speaker Mixer Volume'.0 to 3
V/audio_hw_primary(17110): Set 'Speaker Mixer Volume'.1 to 3
V/audio_hw_primary(17110): Set 'Left Output Mixer DAC Switch'.0 to 1
V/audio_hw_primary(17110): Set 'Right Output Mixer DAC Switch'.0 to 1
V/audio_hw_primary(17110): Set 'Earpiece Mixer Left Output Switch'.0 to 1
V/audio_hw_primary(17110): Set 'Earpiece Mixer Right Output Switch'.0 to 1
V/audio_hw_primary(17110): Set 'Earpiece Switch'.0 to 1
V/audio_hw_primary(17110): Set 'LINEOUT2N Mixer Left Output Switch'.0 to 1
V/audio_hw_primary(17110): Set 'LINEOUT2P Mixer Right Output Switch'.0 to 1
V/audio_hw_primary(17110): Set 'LINEOUT1N Mixer Right Output Switch'.0 to 1
V/audio_hw_primary(17110): Set 'LINEOUT1P Mixer Left Output Switch'.0 to 1
V/audio_hw_primary(17110): Set 'AIF1ADC1L Mixer ADC/DMIC Switch'.0 to 1
V/audio_hw_primary(17110): Set 'AIF1ADC1R Mixer ADC/DMIC Switch'.0 to 1
V/audio_hw_primary(17110): Set 'IN1L PGA IN1LP Switch'.0 to 1
V/audio_hw_primary(17110): Set 'IN1L PGA IN1LN Switch'.0 to 1
V/audio_hw_primary(17110): Set 'MIXINL IN1L Volume'.0 to 1
V/audio_hw_primary(17110): Set 'IN1L Switch'.0 to 1
V/audio_hw_primary(17110): Set 'IN1R PGA IN1RP Switch'.0 to 1
V/audio_hw_primary(17110): Set 'IN1R PGA IN1RN Switch'.0 to 1
V/audio_hw_primary(17110): Set 'MIXINR IN1R Volume'.0 to 1
V/audio_hw_primary(17110): Set 'IN1R Switch'.0 to 1
V/audio_hw_primary(17110): Set 'IN2R PGA IN2RP Switch'.0 to 1
V/audio_hw_primary(17110): Set 'IN2R PGA IN2RN Switch'.0 to 1
V/audio_hw_primary(17110): Set 'MIXINR IN2R Volume'.0 to 1
V/audio_hw_primary(17110): Set 'IN2R Switch'.0 to 1
V/audio_hw_primary(17110): Set 'IN2L PGA IN2LP Switch'.0 to 1
V/audio_hw_primary(17110): Set 'IN2L PGA IN2LN Switch'.0 to 1
V/audio_hw_primary(17110): Set 'MIXINL IN2L Volume'.0 to 1
V/audio_hw_primary(17110): Set 'IN2L Switch'.0 to 1
V/audio_hw_primary(17110): Set 'AIF1ADC1L Mixer ADC/DMIC Switch'.0 to 1
V/audio_hw_primary(17110): Set 'AIF1ADC1R Mixer ADC/DMIC Switch'.0 to 1
V/audio_hw_primary(17110): Set 'ADCL Mux' to 'ADC'
V/audio_hw_primary(17110): Set 'Sidetone HPF Switch'.0 to 0
V/audio_hw_primary(17110): Set 'ADCL Mux' to 'DMIC'
V/audio_hw_primary(17110): Set 'ADCL Mux' to 'ADC'
V/audio_hw_primary(17110): Set 'ADCR Mux' to 'DMIC'
V/audio_hw_primary(17110): Set 'ADCR Mux' to 'ADC'
V/audio_hw_primary(17110): Set 'AIF3ADC Mux'.0 to 1
V/audio_hw_primary(17110): Set 'HP Switch'.0 to 0
V/audio_hw_primary(17110): Set 'SPK Switch'.0 to 0
V/audio_hw_primary(17110): Set 'RCV Switch'.0 to 0
V/audio_hw_primary(17110): Set 'LINE Switch'.0 to 0
V/audio_hw_primary(17110): Set 'HDMI Switch'.0 to 0
V/audio_hw_primary(17110): Set 'Main Mic Switch'.0 to 0
V/audio_hw_primary(17110): Set 'Sub Mic Switch'.0 to 0
V/audio_hw_primary(17110): Set 'Headset Mic Switch'.0 to 0
V/audio_hw_primary(17110): Set 'FM In Switch'.0 to 0
I/audio_hw_primary(17110): Allocating device speaker
V/audio_hw_primary(17110): Parsing control SPK Switch => 1
V/audio_hw_primary(17110): Parsing control AIF1DAC1 Volume => 96
V/audio_hw_primary(17110): Parsing control AIF1 Boost Volume => 0
V/audio_hw_primary(17110): Parsing control DAC1 Volume => 96
V/audio_hw_primary(17110): Parsing control Left Output Mixer DAC Volume => 7
V/audio_hw_primary(17110): Parsing control Right Output Mixer DAC Volume => 7
V/audio_hw_primary(17110): Parsing control SPKL DAC1 Volume => 1
V/audio_hw_primary(17110): Parsing control SPKR DAC1 Volume => 1
V/audio_hw_primary(17110): Parsing control Speaker Mixer Volume => 3
V/audio_hw_primary(17110): Parsing control Speaker Boost Volume => 6
V/audio_hw_primary(17110): Parsing control Speaker Volume => 57
V/audio_hw_primary(17110): Parsing control AIF1DAC1 EQ Switch => 1
V/audio_hw_primary(17110): Parsing control AIF1DAC1 EQ1 Volume => 9
V/audio_hw_primary(17110): Parsing control AIF1DAC1 EQ2 Volume => 7
V/audio_hw_primary(17110): Parsing control AIF1DAC1 EQ3 Volume => 10
V/audio_hw_primary(17110): Parsing control AIF1DAC1 EQ4 Volume => 13
V/audio_hw_primary(17110): Parsing control AIF1DAC1 EQ5 Volume => 12
V/audio_hw_primary(17110): 17 element on sequence
V/audio_hw_primary(17110): Parsing control SPK Switch => 0
V/audio_hw_primary(17110): Parsing control AIF1DAC1 Volume => 96
V/audio_hw_primary(17110): Parsing control AIF1 Boost Volume => 0
V/audio_hw_primary(17110): Parsing control DAC1 Volume => 96
V/audio_hw_primary(17110): Parsing control SPKL DAC1 Volume => 1
V/audio_hw_primary(17110): Parsing control SPKR DAC1 Volume => 1
V/audio_hw_primary(17110): Parsing control Speaker Mixer Volume => 0
V/audio_hw_primary(17110): Parsing control Speaker Volume => 0
V/audio_hw_primary(17110): Parsing control Speaker Boost Volume => 0
V/audio_hw_primary(17110): Parsing control AIF1DAC1 EQ Switch => 0
V/audio_hw_primary(17110): 10 element off sequence
V/audio_hw_primary(17110): Set 'SPK Switch'.0 to 0
V/audio_hw_primary(17110): Set 'AIF1DAC1 Volume'.0 to 96
V/audio_hw_primary(17110): Set 'AIF1DAC1 Volume'.1 to 96
V/audio_hw_primary(17110): Set 'AIF1 Boost Volume'.0 to 0
V/audio_hw_primary(17110): Set 'DAC1 Volume'.0 to 96
V/audio_hw_primary(17110): Set 'DAC1 Volume'.1 to 96
V/audio_hw_primary(17110): Set 'SPKL DAC1 Volume'.0 to 1
V/audio_hw_primary(17110): Set 'SPKR DAC1 Volume'.0 to 1
V/audio_hw_primary(17110): Set 'Speaker Mixer Volume'.0 to 0
V/audio_hw_primary(17110): Set 'Speaker Mixer Volume'.1 to 0
V/audio_hw_primary(17110): Set 'Speaker Volume'.0 to 0
V/audio_hw_primary(17110): Set 'Speaker Volume'.1 to 0
V/audio_hw_primary(17110): Set 'Speaker Boost Volume'.0 to 0
V/audio_hw_primary(17110): Set 'Speaker Boost Volume'.1 to 0
V/audio_hw_primary(17110): Set 'AIF1DAC1 EQ Switch'.0 to 0
I/audio_hw_primary(17110): Allocating device earpiece
V/audio_hw_primary(17110): Parsing control RCV Switch => 1
V/audio_hw_primary(17110): Parsing control AIF1DAC1 Volume => 96
V/audio_hw_primary(17110): Parsing control AIF1 Boost Volume => 0
V/audio_hw_primary(17110): Parsing control DAC1 Volume => 96
V/audio_hw_primary(17110): Parsing control Left Output Mixer DAC Volume => 7
V/audio_hw_primary(17110): Parsing control Right Output Mixer DAC Volume => 7
V/audio_hw_primary(17110): Parsing control Output Volume => 57
V/audio_hw_primary(17110): Parsing control Earpiece Volume => 1
V/audio_hw_primary(17110): Parsing control Speaker Mixer Volume => 1
V/audio_hw_primary(17110): 9 element on sequence
V/audio_hw_primary(17110): Parsing control RCV Switch => 0
V/audio_hw_primary(17110): Parsing control AIF1DAC1 Volume => 96
V/audio_hw_primary(17110): Parsing control AIF1 Boost Volume => 0
V/audio_hw_primary(17110): Parsing control DAC1 Volume => 96
V/audio_hw_primary(17110): Parsing control Left Output Mixer DAC Volume => 7
V/audio_hw_primary(17110): Parsing control Right Output Mixer DAC Volume => 7
V/audio_hw_primary(17110): Parsing control Output Volume => 57
V/audio_hw_primary(17110): Parsing control Earpiece Volume => 1
V/audio_hw_primary(17110): 8 element off sequence
V/audio_hw_primary(17110): Set 'RCV Switch'.0 to 0
V/audio_hw_primary(17110): Set 'AIF1DAC1 Volume'.0 to 96
V/audio_hw_primary(17110): Set 'AIF1DAC1 Volume'.1 to 96
V/audio_hw_primary(17110): Set 'AIF1 Boost Volume'.0 to 0
V/audio_hw_primary(17110): Set 'DAC1 Volume'.0 to 96
V/audio_hw_primary(17110): Set 'DAC1 Volume'.1 to 96
V/audio_hw_primary(17110): Set 'Left Output Mixer DAC Volume'.0 to 7
V/audio_hw_primary(17110): Set 'Right Output Mixer DAC Volume'.0 to 7
V/audio_hw_primary(17110): Set 'Output Volume'.0 to 57
V/audio_hw_primary(17110): Set 'Output Volume'.1 to 57
V/audio_hw_primary(17110): Set 'Earpiece Volume'.0 to 1
I/audio_hw_primary(17110): Allocating device headphone
V/audio_hw_primary(17110): Parsing control HP Switch => 1
V/audio_hw_primary(17110): Parsing control Headphone Volume => 50
V/audio_hw_primary(17110): Parsing control Headphone ZC Switch => 0
V/audio_hw_primary(17110): Parsing control AIF1DAC1 Volume => 96
V/audio_hw_primary(17110): Parsing control AIF1 Boost Volume => 0
V/audio_hw_primary(17110): Parsing control DAC1 Volume => 96
V/audio_hw_primary(17110): Parsing control Left Output Mixer DAC Volume => 7
V/audio_hw_primary(17110): Parsing control Right Output Mixer DAC Volume => 7
V/audio_hw_primary(17110): Parsing control AIF1DAC1 EQ Switch => 1
V/audio_hw_primary(17110): Parsing control AIF1DAC1 EQ1 Volume => 16
V/audio_hw_primary(17110): Parsing control AIF1DAC1 EQ2 Volume => 14
V/audio_hw_primary(17110): Parsing control AIF1DAC1 EQ3 Volume => 12
V/audio_hw_primary(17110): Parsing control AIF1DAC1 EQ4 Volume => 14
V/audio_hw_primary(17110): Parsing control AIF1DAC1 EQ5 Volume => 16
V/audio_hw_primary(17110): 14 element on sequence
V/audio_hw_primary(17110): Parsing control HP Switch => 0
V/audio_hw_primary(17110): Parsing control AIF1DAC1 EQ Switch => 0
V/audio_hw_primary(17110): 2 element off sequence
V/audio_hw_primary(17110): Set 'HP Switch'.0 to 0
V/audio_hw_primary(17110): Set 'AIF1DAC1 EQ Switch'.0 to 0
I/audio_hw_primary(17110): Allocating device sco-out
V/audio_hw_primary(17110): Parsing control AIF3ADC Mux => 1
V/audio_hw_primary(17110): Parsing control AIF2DAC2L Mixer AIF1.1 Switch => 1
V/audio_hw_primary(17110): Parsing control AIF2DAC2R Mixer AIF1.1 Switch => 1
V/audio_hw_primary(17110): Parsing control AIF2DAC Volume => 96
V/audio_hw_primary(17110): Parsing control DAC2 Volume => 96
V/audio_hw_primary(17110): Parsing control AIF2ADC Volume => 96
V/audio_hw_primary(17110): Parsing control Speaker Mixer Volume => 1
V/audio_hw_primary(17110): 7 element on sequence
V/audio_hw_primary(17110): Parsing control AIF2DAC2L Mixer AIF1.1 Switch => 0
V/audio_hw_primary(17110): Parsing control AIF2DAC2R Mixer AIF1.1 Switch => 0
V/audio_hw_primary(17110): 2 element off sequence
V/audio_hw_primary(17110): Set 'AIF2DAC2L Mixer AIF1.1 Switch'.0 to 0
V/audio_hw_primary(17110): Set 'AIF2DAC2R Mixer AIF1.1 Switch'.0 to 0
I/audio_hw_primary(17110): Allocating device analogue-dock
V/audio_hw_primary(17110): Parsing control LINEOUT2N Switch => 1
V/audio_hw_primary(17110): Parsing control LINEOUT2P Switch => 1
V/audio_hw_primary(17110): Parsing control LINEOUT2N Mixer Left Output Switch => 1
V/audio_hw_primary(17110): Parsing control LINEOUT2N Mixer Right Output Switch => 0
V/audio_hw_primary(17110): Parsing control LINEOUT2P Mixer Right Output Switch => 1
V/audio_hw_primary(17110): Parsing control LINE Switch => 1
V/audio_hw_primary(17110): Parsing control LineoutSwitch Mode => 1
V/audio_hw_primary(17110): Parsing control Left Output Mixer DAC Volume => 7
V/audio_hw_primary(17110): Parsing control Right Output Mixer DAC Volume => 7
V/audio_hw_primary(17110): 9 element on sequence
V/audio_hw_primary(17110): Parsing control LineoutSwitch Mode => 0
V/audio_hw_primary(17110): Parsing control LINEOUT2N Switch => 0
V/audio_hw_primary(17110): Parsing control LINEOUT2P Switch => 0
V/audio_hw_primary(17110): Parsing control LINE Switch => 0
V/audio_hw_primary(17110): 4 element off sequence
V/audio_hw_primary(17110): Set 'LineoutSwitch Mode'.0 to 0
V/audio_hw_primary(17110): Set 'LINEOUT2N Switch'.0 to 0
V/audio_hw_primary(17110): Set 'LINEOUT2P Switch'.0 to 0
V/audio_hw_primary(17110): Set 'LINE Switch'.0 to 0
I/audio_hw_primary(17110): Allocating device digital-dock
V/audio_hw_primary(17110): Parsing control LINEOUT2N Switch => 1
V/audio_hw_primary(17110): Parsing control LINEOUT2P Switch => 1
V/audio_hw_primary(17110): Parsing control LINEOUT2N Mixer Left Output Switch => 1
V/audio_hw_primary(17110): Parsing control LINEOUT2N Mixer Right Output Switch => 0
V/audio_hw_primary(17110): Parsing control LINEOUT2P Mixer Right Output Switch => 1
V/audio_hw_primary(17110): Parsing control LINE Switch => 1
V/audio_hw_primary(17110): Parsing control LineoutSwitch Mode => 1
V/audio_hw_primary(17110): Parsing control Left Output Mixer DAC Volume => 7
V/audio_hw_primary(17110): Parsing control Right Output Mixer DAC Volume => 7
V/audio_hw_primary(17110): 9 element on sequence
V/audio_hw_primary(17110): Parsing control LineoutSwitch Mode => 0
V/audio_hw_primary(17110): Parsing control LINEOUT2N Switch => 0
V/audio_hw_primary(17110): Parsing control LINEOUT2P Switch => 0
V/audio_hw_primary(17110): Parsing control LINE Switch => 0
V/audio_hw_primary(17110): 4 element off sequence
V/audio_hw_primary(17110): Set 'LineoutSwitch Mode'.0 to 0
V/audio_hw_primary(17110): Set 'LINEOUT2N Switch'.0 to 0
V/audio_hw_primary(17110): Set 'LINEOUT2P Switch'.0 to 0
V/audio_hw_primary(17110): Set 'LINE Switch'.0 to 0
I/audio_hw_primary(17110): Allocating device aux-digital
V/audio_hw_primary(17110): Parsing control LINEOUT1N Switch => 1
V/audio_hw_primary(17110): Parsing control LINEOUT1P Switch => 1
V/audio_hw_primary(17110): Parsing control HDMI Switch => 1
V/audio_hw_primary(17110): 3 element on sequence
V/audio_hw_primary(17110): Parsing control LINEOUT1N Switch => 0
V/audio_hw_primary(17110): Parsing control LINEOUT1P Switch => 0
V/audio_hw_primary(17110): Parsing control HDMI Switch => 0
V/audio_hw_primary(17110): 3 element off sequence
V/audio_hw_primary(17110): Set 'LINEOUT1N Switch'.0 to 0
V/audio_hw_primary(17110): Set 'LINEOUT1P Switch'.0 to 0
V/audio_hw_primary(17110): Set 'HDMI Switch'.0 to 0
I/audio_hw_primary(17110): Allocating device builtin-mic
V/audio_hw_primary(17110): Parsing control Main Mic Switch => 1
V/audio_hw_primary(17110): Parsing control IN1L Volume => 28
V/audio_hw_primary(17110): Parsing control MIXINL IN1L Switch => 1
V/audio_hw_primary(17110): Parsing control MIXINL IN1L Volume => 1
V/audio_hw_primary(17110): Parsing control AIF1ADCL Source => 0
V/audio_hw_primary(17110): Parsing control AIF1ADC1 HPF Mode => 0
V/audio_hw_primary(17110): Parsing control AIF1ADC1 HPF Switch => 1
V/audio_hw_primary(17110): Parsing control AIF1ADC1 Volume => 96
V/audio_hw_primary(17110): 8 element on sequence
V/audio_hw_primary(17110): Parsing control Main Mic Switch => 0
V/audio_hw_primary(17110): Parsing control MIXINL IN1L Switch => 0
V/audio_hw_primary(17110): Parsing control MIXINL IN1L Volume => 0
V/audio_hw_primary(17110): Parsing control IN1L Volume => 10
V/audio_hw_primary(17110): 4 element off sequence
V/audio_hw_primary(17110): Set 'Main Mic Switch'.0 to 0
V/audio_hw_primary(17110): Set 'MIXINL IN1L Switch'.0 to 0
V/audio_hw_primary(17110): Set 'MIXINL IN1L Volume'.0 to 0
V/audio_hw_primary(17110): Set 'IN1L Volume'.0 to 10
I/audio_hw_primary(17110): Allocating device back-mic
V/audio_hw_primary(17110): Parsing control Sub Mic Switch => 1
V/audio_hw_primary(17110): Parsing control IN1R Volume => 28
V/audio_hw_primary(17110): Parsing control MIXINR IN1R Switch => 1
V/audio_hw_primary(17110): Parsing control MIXINR IN1R Volume => 1
V/audio_hw_primary(17110): Parsing control AIF1ADCR Source => 1
V/audio_hw_primary(17110): Parsing control AIF1ADC1 HPF Mode => 1
V/audio_hw_primary(17110): Parsing control AIF1ADC1 HPF Switch => 1
V/audio_hw_primary(17110): Parsing control AIF1ADC1 Volume => 96
V/audio_hw_primary(17110): 8 element on sequence
V/audio_hw_primary(17110): Parsing control Sub Mic Switch => 0
V/audio_hw_primary(17110): Parsing control MIXINR IN1R Switch => 0
V/audio_hw_primary(17110): Parsing control IN1R Volume => 10
V/audio_hw_primary(17110): 3 element off sequence
V/audio_hw_primary(17110): Set 'Sub Mic Switch'.0 to 0
V/audio_hw_primary(17110): Set 'MIXINR IN1R Switch'.0 to 0
V/audio_hw_primary(17110): Set 'IN1R Volume'.0 to 10
I/audio_hw_primary(17110): Allocating device headset-in
V/audio_hw_primary(17110): Parsing control MIXINL IN1L Switch => 0
V/audio_hw_primary(17110): Parsing control Headset Mic Switch => 1
V/audio_hw_primary(17110): Parsing control IN2L Volume => 22
V/audio_hw_primary(17110): Parsing control MIXINL IN2L Switch => 1
V/audio_hw_primary(17110): Parsing control MIXINL IN2L Volume => 1
V/audio_hw_primary(17110): Parsing control AIF1ADC1 HPF Mode => 1
V/audio_hw_primary(17110): Parsing control AIF1ADC1 HPF Switch => 1
V/audio_hw_primary(17110): Parsing control AIF1ADC1 Volume => 96
V/audio_hw_primary(17110): Parsing control AIF1ADCL Source => 0
V/audio_hw_primary(17110): Parsing control AIF1ADCR Source => 0
V/audio_hw_primary(17110): 10 element on sequence
V/audio_hw_primary(17110): Parsing control Headset Mic Switch => 0
V/audio_hw_primary(17110): Parsing control IN2L Volume => 10
V/audio_hw_primary(17110): Parsing control MIXINL IN2L Switch => 0
V/audio_hw_primary(17110): Parsing control MIXINL IN2L Volume => 1
V/audio_hw_primary(17110): Parsing control AIF1ADC1 HPF Mode => 0
V/audio_hw_primary(17110): Parsing control AIF1ADC1 HPF Switch => 0
V/audio_hw_primary(17110): Parsing control AIF1ADC1 Volume => 96
V/audio_hw_primary(17110): 7 element off sequence
V/audio_hw_primary(17110): Set 'Headset Mic Switch'.0 to 0
V/audio_hw_primary(17110): Set 'IN2L Volume'.0 to 10
V/audio_hw_primary(17110): Set 'MIXINL IN2L Switch'.0 to 0
V/audio_hw_primary(17110): Set 'MIXINL IN2L Volume'.0 to 1
V/audio_hw_primary(17110): Set 'AIF1ADC1 HPF Mode'.0 to 0
V/audio_hw_primary(17110): Set 'AIF1ADC1 HPF Switch'.0 to 0
D/AndroidRuntime(17109): 
D/AndroidRuntime(17109): >>>>>> AndroidRuntime START com.android.internal.os.ZygoteInit <<<<<<
V/audio_hw_primary(17110): Set 'AIF1ADC1 HPF Switch'.1 to 0
V/audio_hw_primary(17110): Set 'AIF1ADC1 Volume'.0 to 96
V/audio_hw_primary(17110): Set 'AIF1ADC1 Volume'.1 to 96
I/audio_hw_primary(17110): Allocating device sco-in
V/audio_hw_primary(17110): Parsing control AIF2ADC Mux => 1
V/audio_hw_primary(17110): Parsing control AIF1ADC1R Mixer AIF2 Switch => 1
V/audio_hw_primary(17110): Parsing control AIF1ADC1L Mixer AIF2 Switch => 1
V/audio_hw_primary(17110): Parsing control AIF1ADC1 Volume => 96
V/audio_hw_primary(17110): Parsing control AIF2DAC Volume => 96
V/audio_hw_primary(17110): 5 element on sequence
V/audio_hw_primary(17110): Parsing control AIF2ADC Mux => 0
V/audio_hw_primary(17110): Parsing control AIF1ADC1R Mixer AIF2 Switch => 0
V/audio_hw_primary(17110): Parsing control AIF1ADC1L Mixer AIF2 Switch => 0
V/audio_hw_primary(17110): Parsing control AIF1ADC1 Volume => 96
V/audio_hw_primary(17110): Parsing control AIF2DAC Volume => 96
V/audio_hw_primary(17110): 5 element off sequence
V/audio_hw_primary(17110): Set 'AIF2ADC Mux'.0 to 0
V/audio_hw_primary(17110): Set 'AIF1ADC1R Mixer AIF2 Switch'.0 to 0
V/audio_hw_primary(17110): Set 'AIF1ADC1L Mixer AIF2 Switch'.0 to 0
V/audio_hw_primary(17110): Set 'AIF1ADC1 Volume'.0 to 96
V/audio_hw_primary(17110): Set 'AIF1ADC1 Volume'.1 to 96
V/audio_hw_primary(17110): Set 'AIF2DAC Volume'.0 to 96
V/audio_hw_primary(17110): Set 'AIF2DAC Volume'.1 to 96
V/audio_hw_primary(17110): Parsing control DAC1L Mixer AIF1.1 Switch => 1
V/audio_hw_primary(17110): Parsing control DAC1L Mixer AIF1.1 Switch => 1
V/audio_hw_primary(17110): Applying 2 element default route
V/audio_hw_primary(17110): Set 'DAC1L Mixer AIF1.1 Switch'.0 to 1
V/audio_hw_primary(17110): Set 'DAC1L Mixer AIF1.1 Switch'.0 to 1
V/audio_hw_primary(17110): Parsing control MIXINL Output Record Volume => 0
V/audio_hw_primary(17110): Parsing control MIXINR Output Record Volume => 0
V/audio_hw_primary(17110): Applying 2 element default route
V/audio_hw_primary(17110): Set 'MIXINL Output Record Volume'.0 to 0
V/audio_hw_primary(17110): Set 'MIXINR Output Record Volume'.0 to 0
V/audio_hw_primary(17110): Changing output device 0 => 2
V/audio_hw_primary(17110): Changing input device 0 => 0
V/audio_hw_primary(17110): Set 'SPK Switch'.0 to 1
V/audio_hw_primary(17110): Set 'AIF1DAC1 Volume'.0 to 96
V/audio_hw_primary(17110): Set 'AIF1DAC1 Volume'.1 to 96
V/audio_hw_primary(17110): Set 'AIF1 Boost Volume'.0 to 0
V/audio_hw_primary(17110): Set 'DAC1 Volume'.0 to 96
V/audio_hw_primary(17110): Set 'DAC1 Volume'.1 to 96
V/audio_hw_primary(17110): Set 'Left Output Mixer DAC Volume'.0 to 7
V/audio_hw_primary(17110): Set 'Right Output Mixer DAC Volume'.0 to 7
V/audio_hw_primary(17110): Set 'SPKL DAC1 Volume'.0 to 1
V/audio_hw_primary(17110): Set 'SPKR DAC1 Volume'.0 to 1
V/audio_hw_primary(17110): Set 'Speaker Mixer Volume'.0 to 3
V/audio_hw_primary(17110): Set 'Speaker Mixer Volume'.1 to 3
V/audio_hw_primary(17110): Set 'Speaker Boost Volume'.0 to 6
V/audio_hw_primary(17110): Set 'Speaker Boost Volume'.1 to 6
D/AndroidRuntime(17109): CheckJNI is OFF
V/audio_hw_primary(17110): Set 'Speaker Volume'.0 to 57
V/audio_hw_primary(17110): Set 'Speaker Volume'.1 to 57
V/audio_hw_primary(17110): Set 'AIF1DAC1 EQ Switch'.0 to 1
V/audio_hw_primary(17110): Set 'AIF1DAC1 EQ1 Volume'.0 to 9
V/audio_hw_primary(17110): Set 'AIF1DAC1 EQ2 Volume'.0 to 7
V/audio_hw_primary(17110): Set 'AIF1DAC1 EQ3 Volume'.0 to 10
V/audio_hw_primary(17110): Set 'AIF1DAC1 EQ4 Volume'.0 to 13
V/audio_hw_primary(17110): Set 'AIF1DAC1 EQ5 Volume'.0 to 12
I/AudioFlinger(17110): loadHwModule() Loaded primary audio interface from M0 audio HW HAL (audio) handle 1
I/AudioFlinger(17110): HAL output buffer size 1056 frames, normal mix buffer size 1056 frames
I/AudioMixer(17110): found effect "Multichannel Downmix To Stereo" from The Android Open Source Project
I/AudioFlinger(17110): Using module 1 has the primary audio interface
D/AudioPolicyManagerBase(17110): setOutputDevice() changing device from (2) to (2)         force (1) delayMs (0) on Output (2)
D/dalvikvm(17109): DexOpt: incorrect opt magic number (0xff ff ff ff)
I/AudioFlinger(17110): AudioFlinger's thread 0x40d65008 ready to run
D/dalvikvm(17109): ODEX file is stale or bad; removing and retrying (/data/dalvik-cache/system@framework@framework.jar@classes.dex)
W/AudioFlinger(17110): Thread AudioOut_2 cannot connect to the power manager service
W/AudioFlinger(17110): Thread AudioOut_2 cannot connect to the power manager service
W/AudioFlinger(17110): Thread AudioOut_2 cannot connect to the power manager service
E/AudioFlinger(17110): no wake lock to update!
I/audio_a2dp_hw(17110): adev_open:  adev_open in A2dp_hw module
I/AudioFlinger(17110): loadHwModule() Loaded a2dp audio interface from A2DP Audio HW HAL (audio) handle 4
I/AudioFlinger(17110): loadHwModule() Loaded usb audio interface from USB audio HW HAL (audio) handle 5
I/r_submix(17110): adev_open(name=audio_hw_if)
I/r_submix(17110): adev_init_check()
I/AudioFlinger(17110): loadHwModule() Loaded r_submix audio interface from Wifi Display audio HAL (audio) handle 6
I/AudioPolicyService(17110): Loaded audio policy from LEGACY Audio Policy HAL (audio_policy)
D/dalvikvm(17109): DexOpt: --- BEGIN 'framework.jar' (bootstrap=1) ---
E/dalvikvm(17179): outsSize (18) > registersSize (11)
E/dalvikvm(17179): Trouble with item 24395 @ offset 0x378a2c
E/dalvikvm(17179): Swap of section type 2001 failed
E/dalvikvm(17179): ERROR: Byte swap + verify failed
E/dalvikvm(17179): Optimization failed
W/dalvikvm(17109): DexOpt: --- END 'framework.jar' --- status=0xff00, process failed
E/dalvikvm(17109): Unable to extract+optimize DEX from '/system/framework/framework.jar'
D/dalvikvm(17109): Unable to process classpath element '/system/framework/framework.jar'
D/dalvikvm(17109): Trying to load lib libjavacore.so 0x0
D/dalvikvm(17109): Added shared lib libjavacore.so 0x0
D/dalvikvm(17109): Trying to load lib libnativehelper.so 0x0
D/dalvikvm(17109): Added shared lib libnativehelper.so 0x0
D/dalvikvm(17109): No JNI_OnLoad found in libnativehelper.so 0x0, skipping init
E/dalvikvm(17109): JNI posting fatal error: Native registration unable to find class 'android/debug/JNITest'; aborting...
I/dalvikvm(17109): "main" prio=5 tid=1 NATIVE
I/dalvikvm(17109):   | group="main" sCount=0 dsCount=0 obj=0x41742de0 self=0x401294a8
I/dalvikvm(17109):   | sysTid=17109 nice=0 sched=0/0 cgrp=default handle=1075716436
I/dalvikvm(17109):   | state=R schedstat=( 582479337 17978456 67 ) utm=42 stm=16 core=0
I/dalvikvm(17109):   #00  pc 0000132e  /system/lib/libcorkscrew.so (unwind_backtrace_thread+29)
I/dalvikvm(17109):   #01  pc 00061bf2  /system/lib/libdvm.so (dvmDumpNativeStack(DebugOutputTarget const*, int)+33)
I/dalvikvm(17109):   #02  pc 00055be8  /system/lib/libdvm.so (dvmDumpThreadEx(DebugOutputTarget const*, Thread*, bool)+395)
I/dalvikvm(17109):   #03  pc 00055c56  /system/lib/libdvm.so (dvmDumpThread(Thread*, bool)+25)
I/dalvikvm(17109):   #04  pc 0004a63c  /system/lib/libdvm.so
I/dalvikvm(17109):   #05  pc 00001fa8  /system/lib/libnativehelper.so (jniRegisterNativeMethods+39)
I/dalvikvm(17109):   #06  pc 0005264e  /system/lib/libandroid_runtime.so
I/dalvikvm(17109):   #07  pc 0005293c  /system/lib/libandroid_runtime.so (android::AndroidRuntime::startReg(_JNIEnv*)+23)
I/dalvikvm(17109):   #08  pc 0005338c  /system/lib/libandroid_runtime.so (android::AndroidRuntime::start(char const*, char const*)+183)
I/dalvikvm(17109):   #09  pc 0000105a  /system/bin/app_process
I/dalvikvm(17109):   #10  pc 0000e420  /system/lib/libc.so (__libc_init+47)
I/dalvikvm(17109):   at dalvik.system.NativeStart.main(Native Method)
I/dalvikvm(17109):   at dalvik.system.NativeStart.main(Native Method)
I/dalvikvm(17109): 
E/dalvikvm(17109): VM aborting
F/libc    (17109): Fatal signal 6 (SIGABRT) at 0x000042d5 (code=-6), thread 17109 (zygote)
V/NatController(17108): runCmd(/system/bin/iptables -F natctrl_FORWARD) res=0
V/NatController(17108): runCmd(/system/bin/iptables -A natctrl_FORWARD -j DROP) res=0
V/NatController(17108): runCmd(/system/bin/iptables -t nat -F natctrl_nat_POSTROUTING) res=0
V/NatController(17108): runCmd(/system/bin/ip route flush cache) res=0
V/NatController(17108): runCmd(/system/bin/iptables -F natctrl_tether_counters) res=0
V/NatController(17108): runCmd(/system/bin/iptables -X natctrl_tether_counters) res=0
V/NatController(17108): runCmd(/system/bin/iptables -N natctrl_tether_counters) res=0
I/DEBUG   ( 1902): *** *** *** *** *** *** *** *** *** *** *** *** *** *** *** ***
I/DEBUG   ( 1902): Build fingerprint: 'samsung/m0xx/m0:4.3/JSS15J/I9300XXUGMJ9:user/test-keys'
I/DEBUG   ( 1902): Revision: '12'
I/DEBUG   ( 1902): pid: 17109, tid: 17109, name: zygote  >>> zygote <<<
I/DEBUG   ( 1902): signal 6 (SIGABRT), code -6 (SI_TKILL), fault addr --------
I/DEBUG   ( 1902):     r0 00000000  r1 000042d5  r2 00000006  r3 00000000
I/DEBUG   ( 1902):     r4 401e1f2c  r5 00000006  r6 00000016  r7 0000010c
I/DEBUG   ( 1902):     r8 00000004  r9 bef1db55  sl 00000000  fp bef1db34
I/DEBUG   ( 1902):     ip 000042d5  sp bef1d5d0  lr 400710af  pc 40080054  cpsr 000f0010
I/DEBUG   ( 1902):     d0  74726f6261204d56  d1  0a29646f6874654d
I/DEBUG   ( 1902):     d2  65747379732f2020  d3  696c2f62696c2f6d
I/DEBUG   ( 1902):     d4  64696f72646e6162  d5  656d69746e75725f
I/DEBUG   ( 1902):     d6  646e6128206f732e  d7  6e413a3a64696f72
I/DEBUG   ( 1902):     d8  0000000000000000  d9  0000000000000000
I/DEBUG   ( 1902):     d10 0000000000000000  d11 0000000000000000
I/DEBUG   ( 1902):     d12 0000000000000000  d13 0000000000000000
I/DEBUG   ( 1902):     d14 0000000000000000  d15 0000000000000000
I/DEBUG   ( 1902):     d16 ffffffffffffffeb  d17 000000000000000e
I/DEBUG   ( 1902):     d18 41c9790d22000000  d19 0000000000000000
I/DEBUG   ( 1902):     d20 0000000000000000  d21 0000000000000000
I/DEBUG   ( 1902):     d22 0000000000000000  d23 0000000000000000
I/DEBUG   ( 1902):     d24 0000000000000000  d25 0000000000000000
I/DEBUG   ( 1902):     d26 0000000000000000  d27 0000000000000000
I/DEBUG   ( 1902):     d28 0000000000000000  d29 0000000000000000
I/DEBUG   ( 1902):     d30 0000000000000000  d31 0000000000000000
I/DEBUG   ( 1902):     scr 60000010
I/DEBUG   ( 1902): 
I/DEBUG   ( 1902): backtrace:
I/DEBUG   ( 1902):     #00  pc 00022054  /system/lib/libc.so (tgkill+12)
I/DEBUG   ( 1902):     #01  pc 000130ab  /system/lib/libc.so (pthread_kill+50)
I/DEBUG   ( 1902):     #02  pc 000132a3  /system/lib/libc.so (raise+10)
I/DEBUG   ( 1902):     #03  pc 00012003  /system/lib/libc.so
I/DEBUG   ( 1902):     #04  pc 00021908  /system/lib/libc.so (abort+4)
I/DEBUG   ( 1902):     #05  pc 000471eb  /system/lib/libdvm.so (dvmAbort+78)
I/DEBUG   ( 1902):     #06  pc 00001fab  /system/lib/libnativehelper.so (jniRegisterNativeMethods+42)
I/DEBUG   ( 1902):     #07  pc 00052651  /system/lib/libandroid_runtime.so
I/DEBUG   ( 1902):     #08  pc 0005293d  /system/lib/libandroid_runtime.so (android::AndroidRuntime::startReg(_JNIEnv*)+24)
I/DEBUG   ( 1902):     #09  pc 0005338d  /system/lib/libandroid_runtime.so (android::AndroidRuntime::start(char const*, char const*)+184)
I/DEBUG   ( 1902):     #10  pc 0000105b  /system/bin/app_process
I/DEBUG   ( 1902):     #11  pc 0000e423  /system/lib/libc.so (__libc_init+50)
I/DEBUG   ( 1902):     #12  pc 00000d7c  /system/bin/app_process
I/DEBUG   ( 1902): 
I/DEBUG   ( 1902): stack:
I/DEBUG   ( 1902):          bef1d590  00000000  
I/DEBUG   ( 1902):          bef1d594  00000000  
I/DEBUG   ( 1902):          bef1d598  4028da8a  /system/lib/libandroid_runtime.so
I/DEBUG   ( 1902):          bef1d59c  00000002  
I/DEBUG   ( 1902):          bef1d5a0  4029a4f8  /system/lib/libandroid_runtime.so
I/DEBUG   ( 1902):          bef1d5a4  00000004  
I/DEBUG   ( 1902):          bef1d5a8  bef1db55  [stack]
I/DEBUG   ( 1902):          bef1d5ac  00000000  
I/DEBUG   ( 1902):          bef1d5b0  bef1db34  [stack]
I/DEBUG   ( 1902):          bef1d5b4  400846bd  /system/lib/libc.so (snprintf+80)
I/DEBUG   ( 1902):          bef1d5b8  30203231  
I/DEBUG   ( 1902):          bef1d5bc  31383320  
I/DEBUG   ( 1902):          bef1d5c0  bef1d634  [stack]
I/DEBUG   ( 1902):          bef1d5c4  00000000  
I/DEBUG   ( 1902):          bef1d5c8  00000000  
I/DEBUG   ( 1902):          bef1d5cc  20302030  
I/DEBUG   ( 1902):     #00  bef1d5d0  401e1f2c  /system/bin/linker
I/DEBUG   ( 1902):          bef1d5d4  00000006  
I/DEBUG   ( 1902):          bef1d5d8  00000016  
I/DEBUG   ( 1902):          bef1d5dc  000042d5  
I/DEBUG   ( 1902):          bef1d5e0  000042d5  
I/DEBUG   ( 1902):          bef1d5e4  400710af  /system/lib/libc.so (pthread_kill+54)
I/DEBUG   ( 1902):     #01  bef1d5e8  401e1f24  /system/bin/linker
I/DEBUG   ( 1902):          bef1d5ec  00000006  
I/DEBUG   ( 1902):          bef1d5f0  00000000  
I/DEBUG   ( 1902):          bef1d5f4  00000002  
I/DEBUG   ( 1902):          bef1d5f8  4029a4f8  /system/lib/libandroid_runtime.so
I/DEBUG   ( 1902):          bef1d5fc  400712a7  /system/lib/libc.so (raise+14)
I/DEBUG   ( 1902):     #02  bef1d600  bef1d60c  [stack]
I/DEBUG   ( 1902):          bef1d604  40070007  /system/lib/libc.so
I/DEBUG   ( 1902): 
I/DEBUG   ( 1902): memory near r1:
I/DEBUG   ( 1902):     000042b4 ffffffff ffffffff ffffffff ffffffff  
I/DEBUG   ( 1902):     000042c4 ffffffff ffffffff ffffffff ffffffff  
I/DEBUG   ( 1902):     000042d4 ffffffff ffffffff ffffffff ffffffff  
I/DEBUG   ( 1902):     000042e4 ffffffff ffffffff ffffffff ffffffff  
I/DEBUG   ( 1902):     000042f4 ffffffff ffffffff ffffffff ffffffff  
I/DEBUG   ( 1902):     00004304 ffffffff ffffffff ffffffff ffffffff  
I/DEBUG   ( 1902):     00004314 ffffffff ffffffff ffffffff ffffffff  
I/DEBUG   ( 1902):     00004324 ffffffff ffffffff ffffffff ffffffff  
I/DEBUG   ( 1902):     00004334 ffffffff ffffffff ffffffff ffffffff  
I/DEBUG   ( 1902):     00004344 ffffffff ffffffff ffffffff ffffffff  
I/DEBUG   ( 1902):     00004354 ffffffff ffffffff ffffffff ffffffff  
I/DEBUG   ( 1902):     00004364 ffffffff ffffffff ffffffff ffffffff  
I/DEBUG   ( 1902):     00004374 ffffffff ffffffff ffffffff ffffffff  
I/DEBUG   ( 1902):     00004384 ffffffff ffffffff ffffffff ffffffff  
I/DEBUG   ( 1902):     00004394 ffffffff ffffffff ffffffff ffffffff  
I/DEBUG   ( 1902):     000043a4 ffffffff ffffffff ffffffff ffffffff  
I/DEBUG   ( 1902): 
I/DEBUG   ( 1902): memory near r4:
I/DEBUG   ( 1902):     401e1f0c 00000000 00000000 00000000 00000000  
I/DEBUG   ( 1902):     401e1f1c bef1da3c 00000000 401e1f24 401e2154  
I/DEBUG   ( 1902):     401e1f2c 00000016 403ad848 00000000 00000000  
I/DEBUG   ( 1902):     401e1f3c 401e2194 00000000 00000000 00000000  
I/DEBUG   ( 1902):     401e1f4c 00000000 00000000 00000000 00000000  
I/DEBUG   ( 1902):     401e1f5c 00000000 401294a8 40028e00 00000000  
I/DEBUG   ( 1902):     401e1f6c 00000000 00000000 00000000 00000000  
I/DEBUG   ( 1902):     401e1f7c 00000000 00000000 00000000 00000000  
I/DEBUG   ( 1902):     401e1f8c 00000000 00000000 00000000 00000000  
I/DEBUG   ( 1902):     401e1f9c 00000000 00000000 00000000 00000000  
I/DEBUG   ( 1902):     401e1fac 00000000 00000000 00000000 00000000  
I/DEBUG   ( 1902):     401e1fbc 00000000 00000000 00000000 00000000  
I/DEBUG   ( 1902):     401e1fcc 00000000 00000000 00000000 00000000  
I/DEBUG   ( 1902):     401e1fdc 00000000 00000000 00000000 00000000  
I/DEBUG   ( 1902):     401e1fec 00000000 00000000 00000000 00000000  
I/DEBUG   ( 1902):     401e1ffc 00000000 00000000 00000000 00000000  
I/DEBUG   ( 1902): 
I/DEBUG   ( 1902): memory near r9:
I/DEBUG   ( 1902):     bef1db34 6f67797a 2f006574 2f6e6962 5f707061  
I/DEBUG   ( 1902):     bef1db44 636f7270 00737365 797a582d 65746f67  
I/DEBUG   ( 1902):     bef1db54 79732f00 6d657473 6e69622f 7a2d2d00  
I/DEBUG   ( 1902):     bef1db64 746f6779 2d2d0065 72617473 79732d74  
I/DEBUG   ( 1902):     bef1db74 6d657473 7265732d 00726576 48544150  
I/DEBUG   ( 1902):     bef1db84 62732f3d 2f3a6e69 646e6576 622f726f  
I/DEBUG   ( 1902):     bef1db94 2f3a6e69 74737973 732f6d65 3a6e6962  
I/DEBUG   ( 1902):     bef1dba4 7379732f 2f6d6574 3a6e6962 7379732f  
I/DEBUG   ( 1902):     bef1dbb4 2f6d6574 6e696278 5f444c00 5242494c  
I/DEBUG   ( 1902):     bef1dbc4 5f595241 48544150 65762f3d 726f646e  
I/DEBUG   ( 1902):     bef1dbd4 62696c2f 79732f3a 6d657473 62696c2f  
I/DEBUG   ( 1902):     bef1dbe4 444e4100 44494f52 4f4f425f 474f4c54  
I/DEBUG   ( 1902):     bef1dbf4 00313d4f 52444e41 5f44494f 544f4f52  
I/DEBUG   ( 1902):     bef1dc04 79732f3d 6d657473 444e4100 44494f52  
I/DEBUG   ( 1902):     bef1dc14 5353415f 3d535445 7379732f 2f6d6574  
I/DEBUG   ( 1902):     bef1dc24 00707061 52444e41 5f44494f 41544144  
I/DEBUG   ( 1902): 
I/DEBUG   ( 1902): memory near fp:
I/DEBUG   ( 1902):     bef1db14 00000000 00000000 00000000 ef8982d3  
I/DEBUG   ( 1902):     bef1db24 f9c26644 a7a251ed 26fca844 006c3776  
I/DEBUG   ( 1902):     bef1db34 6f67797a 2f006574 2f6e6962 5f707061  
I/DEBUG   ( 1902):     bef1db44 636f7270 00737365 797a582d 65746f67  
I/DEBUG   ( 1902):     bef1db54 79732f00 6d657473 6e69622f 7a2d2d00  
I/DEBUG   ( 1902):     bef1db64 746f6779 2d2d0065 72617473 79732d74  
I/DEBUG   ( 1902):     bef1db74 6d657473 7265732d 00726576 48544150  
I/DEBUG   ( 1902):     bef1db84 62732f3d 2f3a6e69 646e6576 622f726f  
I/DEBUG   ( 1902):     bef1db94 2f3a6e69 74737973 732f6d65 3a6e6962  
I/DEBUG   ( 1902):     bef1dba4 7379732f 2f6d6574 3a6e6962 7379732f  
I/DEBUG   ( 1902):     bef1dbb4 2f6d6574 6e696278 5f444c00 5242494c  
I/DEBUG   ( 1902):     bef1dbc4 5f595241 48544150 65762f3d 726f646e  
I/DEBUG   ( 1902):     bef1dbd4 62696c2f 79732f3a 6d657473 62696c2f  
I/DEBUG   ( 1902):     bef1dbe4 444e4100 44494f52 4f4f425f 474f4c54  
I/DEBUG   ( 1902):     bef1dbf4 00313d4f 52444e41 5f44494f 544f4f52  
I/DEBUG   ( 1902):     bef1dc04 79732f3d 6d657473 444e4100 44494f52  
I/DEBUG   ( 1902): 
I/DEBUG   ( 1902): memory near ip:
I/DEBUG   ( 1902):     000042b4 ffffffff ffffffff ffffffff ffffffff  
I/DEBUG   ( 1902):     000042c4 ffffffff ffffffff ffffffff ffffffff  
I/DEBUG   ( 1902):     000042d4 ffffffff ffffffff ffffffff ffffffff  
I/DEBUG   ( 1902):     000042e4 ffffffff ffffffff ffffffff ffffffff  
I/DEBUG   ( 1902):     000042f4 ffffffff ffffffff ffffffff ffffffff  
I/DEBUG   ( 1902):     00004304 ffffffff ffffffff ffffffff ffffffff  
I/DEBUG   ( 1902):     00004314 ffffffff ffffffff ffffffff ffffffff  
I/DEBUG   ( 1902):     00004324 ffffffff ffffffff ffffffff ffffffff  
I/DEBUG   ( 1902):     00004334 ffffffff ffffffff ffffffff ffffffff  
I/DEBUG   ( 1902):     00004344 ffffffff ffffffff ffffffff ffffffff  
I/DEBUG   ( 1902):     00004354 ffffffff ffffffff ffffffff ffffffff  
I/DEBUG   ( 1902):     00004364 ffffffff ffffffff ffffffff ffffffff  
I/DEBUG   ( 1902):     00004374 ffffffff ffffffff ffffffff ffffffff  
I/DEBUG   ( 1902):     00004384 ffffffff ffffffff ffffffff ffffffff  
I/DEBUG   ( 1902):     00004394 ffffffff ffffffff ffffffff ffffffff  
I/DEBUG   ( 1902):     000043a4 ffffffff ffffffff ffffffff ffffffff  
I/DEBUG   ( 1902): 
I/DEBUG   ( 1902): memory near sp:
I/DEBUG   ( 1902):     bef1d5b0 bef1db34 400846bd 30203231 31383320  
I/DEBUG   ( 1902):     bef1d5c0 bef1d634 00000000 00000000 20302030  
I/DEBUG   ( 1902):     bef1d5d0 401e1f2c 00000006 00000016 000042d5  
I/DEBUG   ( 1902):     bef1d5e0 000042d5 400710af 401e1f24 00000006  
I/DEBUG   ( 1902):     bef1d5f0 00000000 00000002 4029a4f8 400712a7  
I/DEBUG   ( 1902):     bef1d600 bef1d60c 40070007 00000000 ffffffdf  
I/DEBUG   ( 1902):     bef1d610 400a82c4 400a822c 00000000 40072b9f  
I/DEBUG   ( 1902):     bef1d620 4172f2c8 4172f2c8 4028da8a 4007f90c  
I/DEBUG   ( 1902):     bef1d630 00000000 416c41ef 400ac80c 6c756e28  
I/DEBUG   ( 1902):     bef1d640 0000296c 00000000 00000000 00000000  
I/DEBUG   ( 1902):     bef1d650 00000000 00000000 00000000 00000000  
I/DEBUG   ( 1902):     bef1d660 00000000 00000000 00000000 00000000  
I/DEBUG   ( 1902):     bef1d670 00000000 00000000 00000000 00000000  
I/DEBUG   ( 1902):     bef1d680 00000000 00000000 00000000 00000000  
I/DEBUG   ( 1902):     bef1d690 00000000 00000000 00000000 00000000  
I/DEBUG   ( 1902):     bef1d6a0 00000000 00000000 00000000 00000000  
I/DEBUG   ( 1902): 
I/DEBUG   ( 1902): code around pc:
I/DEBUG   ( 1902):     40080034 e8bd00f0 e3700a01 912fff1e e2600000  
I/DEBUG   ( 1902):     40080044 ea006e76 e92d50f0 e3a07f43 ef000000  
I/DEBUG   ( 1902):     40080054 e8bd50f0 e3700a01 912fff1e e2600000  
I/DEBUG   ( 1902):     40080064 ea006e6e e92d50f0 e3a070ee ef000000  
I/DEBUG   ( 1902):     40080074 e8bd50f0 e3700a01 912fff1e e2600000  
I/DEBUG   ( 1902):     40080084 ea006e66 f200429a bf0080cf f000f891  
I/DEBUG   ( 1902):     40080094 4001e92d f040f891 d3532a10 0301ea80  
I/DEBUG   ( 1902):     400800a4 0303f013 806ef000 d3262ae0 0300f1c0  
I/DEBUG   ( 1902):     400800b4 030ff013 eba2d021 ea5f0203 bf447cc3  
I/DEBUG   ( 1902):     400800c4 eb01f811 eb01f800 f811bf21 f811cb01  
I/DEBUG   ( 1902):     400800d4 f800eb01 f800cb01 ea5feb01 da037c43  
I/DEBUG   ( 1902):     400800e4 080df9a1 083df980 f921d303 f900070d  
I/DEBUG   ( 1902):     400800f4 f891071d f891f000 3a40f040 f891d30f  
I/DEBUG   ( 1902):     40080104 f891f080 f921f0c0 f921020d f891420d  
I/DEBUG   ( 1902):     40080114 3a40f0c0 020df900 420df900 f102d2f3  
I/DEBUG   ( 1902):     40080124 3a200240 f921d305 3a20020d 020df900  
I/DEBUG   ( 1902): 
I/DEBUG   ( 1902): code around lr:
I/DEBUG   ( 1902):     4007108c 4b11ec12 e010447b d10e42bb 6a1f480f  
I/DEBUG   ( 1902):     4007109c f7fb4478 f00dec8a 4639ea0c f00e462a  
I/DEBUG   ( 1902):     400710ac 3001efce 2500d00a 681be009 d1eb2b00  
I/DEBUG   ( 1902):     400710bc 25034807 f7fb4478 e000ec78 60266825  
I/DEBUG   ( 1902):     400710cc bdf84628 0003b314 0003b308 0003b300  
I/DEBUG   ( 1902):     400710dc 0003b2dc bf82f7ff 4a3a4b39 47f0e92d  
I/DEBUG   ( 1902):     400710ec 447b460d 4607b08a 6833589e 930946b1  
I/DEBUG   ( 1902):     400710fc f9fcf001 f8d04604 2d008000 4628d04a  
I/DEBUG   ( 1902):     4007110c fe92f00f 4606280f f7ffd846 4287ffe3  
I/DEBUG   ( 1902):     4007111c 200fd106 f00d4629 2800e8da e032d03d  
I/DEBUG   ( 1902):     4007112c 44784829 ebbef7fb 44784828 42b8e015  
I/DEBUG   ( 1902):     4007113c 6a07d113 44784826 ec36f7fb 463b4a25  
I/DEBUG   ( 1902):     4007114c a8012120 f013447a 2101fa8b f01aa801  
I/DEBUG   ( 1902):     4007115c 1c43fda3 d1044607 6800e015 d1e62800  
I/DEBUG   ( 1902):     4007116c 4638e023 46324629 e914f00d 3ffff1b0  
I/DEBUG   ( 1902):     4007117c d1024682 29046821 4638d0f3 e964f00d  
I/ServiceManager( 1894): service 'media.audio_policy' died
I/ServiceManager( 1894): service 'media.audio_flinger' died
I/ServiceManager( 1894): service 'media.player' died
I/ServiceManager( 1894): service 'media.camera' died
I/Netd    (17351): Netd 1.0 starting
I/mediaserver(17353): ServiceManager: 0x41506448
I/AudioFlinger(17353): Using default 3000 mSec as standby time.
E/MediaPlayerFactory(17353): calling dlopen on FACTORY_LIB
E/MediaPlayerFactory(17353): Failed to open FACTORY_LIB Error : dlopen failed: library "libdashplayer.so" not found 
I/CameraService(17353): CameraService started (pid=17353)
I/CameraService(17353): Loaded "m0xx Camera Wrapper" camera module
D/SecCameraHardware(17353): LSIHAL int android::HAL_getNumberOfCameras()
I/AudioPolicyManagerBase(17353): loadAudioPolicyConfig() loaded /system/etc/audio_policy.conf
V/audio_hw_primary(17353): Reading configuration from /system/etc/sound/m0
D/AndroidRuntime(17352): 
D/AndroidRuntime(17352): >>>>>> AndroidRuntime START com.android.internal.os.ZygoteInit <<<<<<
D/AndroidRuntime(17352): CheckJNI is OFF
V/audio_hw_primary(17353): Parsing control AIF2DACL Source => 0
V/audio_hw_primary(17353): Parsing control AIF2DACR Source => 0
V/audio_hw_primary(17353): Parsing control AIF2ADCL Source => 0
D/dalvikvm(17352): DexOpt: incorrect opt magic number (0xff ff ff ff)
D/dalvikvm(17352): ODEX file is stale or bad; removing and retrying (/data/dalvik-cache/system@framework@framework.jar@classes.dex)
V/audio_hw_primary(17353): Parsing control AIF2ADCR Source => 1
V/audio_hw_primary(17353): Parsing control DAC1 Switch => 1
V/audio_hw_primary(17353): Parsing control IN1L ZC Switch => 0
V/audio_hw_primary(17353): Parsing control IN1R ZC Switch => 0
V/audio_hw_primary(17353): Parsing control IN2L ZC Switch => 0
V/audio_hw_primary(17353): Parsing control IN2R ZC Switch => 0
V/audio_hw_primary(17353): Parsing control Output ZC Switch => 0
V/audio_hw_primary(17353): Parsing control Speaker ZC Switch => 0
V/audio_hw_primary(17353): Parsing control Headphone ZC Switch => 0
V/audio_hw_primary(17353): Parsing control DAC1L Mixer AIF1.1 Switch => 1
V/audio_hw_primary(17353): Parsing control DAC1R Mixer AIF1.1 Switch => 1
V/audio_hw_primary(17353): Parsing control DAC1 Switch => 1
V/audio_hw_primary(17353): Parsing control AIF2DAC2L Mixer Left Sidetone Switch => 1
V/audio_hw_primary(17353): Parsing control AIF2DAC2L Mixer Right Sidetone Switch => 0
V/audio_hw_primary(17353): Parsing control AIF2DAC2R Mixer Left Sidetone Switch => 0
V/audio_hw_primary(17353): Parsing control AIF2DAC2R Mixer Right Sidetone Switch => 1
V/audio_hw_primary(17353): Parsing control DAC2 Left Sidetone Volume => 12
V/audio_hw_primary(17353): Parsing control DAC2 Right Sidetone Volume => 12
V/audio_hw_primary(17353): Parsing control DAC2 Switch => 1
V/audio_hw_primary(17353): Parsing control Left Headphone Mux => Mixer
V/audio_hw_primary(17353): Parsing control Right Headphone Mux => Mixer
V/audio_hw_primary(17353): Parsing control SPKL DAC1 Switch => 1
V/audio_hw_primary(17353): Parsing control SPKR DAC1 Switch => 1
V/audio_hw_primary(17353): Parsing control SPKL Boost SPKL Switch => 1
V/audio_hw_primary(17353): Parsing control SPKL Boost SPKR Switch => 1
V/audio_hw_primary(17353): Parsing control SPKR Boost SPKL Switch => 0
V/audio_hw_primary(17353): Parsing control SPKR Boost SPKR Switch => 1
V/audio_hw_primary(17353): Parsing control Speaker Mixer Volume => 3
V/audio_hw_primary(17353): Parsing control Left Output Mixer DAC Switch => 1
V/audio_hw_primary(17353): Parsing control Right Output Mixer DAC Switch => 1
V/audio_hw_primary(17353): Parsing control Earpiece Mixer Left Output Switch => 1
V/audio_hw_primary(17353): Parsing control Earpiece Mixer Right Output Switch => 1
V/audio_hw_primary(17353): Parsing control Earpiece Switch => 1
V/audio_hw_primary(17353): Parsing control LINEOUT2N Mixer Left Output Switch => 1
V/audio_hw_primary(17353): Parsing control LINEOUT2P Mixer Right Output Switch => 1
V/audio_hw_primary(17353): Parsing control LINEOUT1N Mixer Right Output Switch => 1
V/audio_hw_primary(17353): Parsing control LINEOUT1P Mixer Left Output Switch => 1
V/audio_hw_primary(17353): Parsing control AIF1ADC1L Mixer ADC/DMIC Switch => 1
V/audio_hw_primary(17353): Parsing control AIF1ADC1R Mixer ADC/DMIC Switch => 1
V/audio_hw_primary(17353): Parsing control IN1L PGA IN1LP Switch => 1
V/audio_hw_primary(17353): Parsing control IN1L PGA IN1LN Switch => 1
V/audio_hw_primary(17353): Parsing control MIXINL IN1L Volume => 1
V/audio_hw_primary(17353): Parsing control IN1L Switch => 1
V/audio_hw_primary(17353): Parsing control IN1R PGA IN1RP Switch => 1
V/audio_hw_primary(17353): Parsing control IN1R PGA IN1RN Switch => 1
V/audio_hw_primary(17353): Parsing control MIXINR IN1R Volume => 1
V/audio_hw_primary(17353): Parsing control IN1R Switch => 1
V/audio_hw_primary(17353): Parsing control IN2R PGA IN2RP Switch => 1
V/audio_hw_primary(17353): Parsing control IN2R PGA IN2RN Switch => 1
V/audio_hw_primary(17353): Parsing control MIXINR IN2R Volume => 1
V/audio_hw_primary(17353): Parsing control IN2R Switch => 1
V/audio_hw_primary(17353): Parsing control IN2L PGA IN2LP Switch => 1
V/audio_hw_primary(17353): Parsing control IN2L PGA IN2LN Switch => 1
V/audio_hw_primary(17353): Parsing control MIXINL IN2L Volume => 1
V/audio_hw_primary(17353): Parsing control IN2L Switch => 1
V/audio_hw_primary(17353): Parsing control AIF1ADC1L Mixer ADC/DMIC Switch => 1
V/audio_hw_primary(17353): Parsing control AIF1ADC1R Mixer ADC/DMIC Switch => 1
V/audio_hw_primary(17353): Parsing control ADCL Mux => ADC
V/audio_hw_primary(17353): Parsing control Sidetone HPF Switch => 0
V/audio_hw_primary(17353): Parsing control ADCL Mux => DMIC
V/audio_hw_primary(17353): Parsing control ADCL Mux => ADC
V/audio_hw_primary(17353): Parsing control ADCR Mux => DMIC
V/audio_hw_primary(17353): Parsing control ADCR Mux => ADC
V/audio_hw_primary(17353): Parsing control AIF3ADC Mux => 1
V/audio_hw_primary(17353): Parsing control HP Switch => 0
V/audio_hw_primary(17353): Parsing control SPK Switch => 0
V/audio_hw_primary(17353): Parsing control RCV Switch => 0
V/audio_hw_primary(17353): Parsing control LINE Switch => 0
V/audio_hw_primary(17353): Parsing control HDMI Switch => 0
V/audio_hw_primary(17353): Parsing control Main Mic Switch => 0
V/audio_hw_primary(17353): Parsing control Sub Mic Switch => 0
V/audio_hw_primary(17353): Parsing control Headset Mic Switch => 0
V/audio_hw_primary(17353): Parsing control FM In Switch => 0
V/audio_hw_primary(17353): Applying 76 element default route
V/audio_hw_primary(17353): Set 'AIF2DACL Source'.0 to 0
V/audio_hw_primary(17353): Set 'AIF2DACR Source'.0 to 0
V/audio_hw_primary(17353): Set 'AIF2ADCL Source'.0 to 0
V/audio_hw_primary(17353): Set 'AIF2ADCR Source'.0 to 1
V/audio_hw_primary(17353): Set 'DAC1 Switch'.0 to 1
V/audio_hw_primary(17353): Set 'DAC1 Switch'.1 to 1
V/audio_hw_primary(17353): Set 'IN1L ZC Switch'.0 to 0
V/audio_hw_primary(17353): Set 'IN1R ZC Switch'.0 to 0
V/audio_hw_primary(17353): Set 'IN2L ZC Switch'.0 to 0
V/audio_hw_primary(17353): Set 'IN2R ZC Switch'.0 to 0
V/audio_hw_primary(17353): Set 'Output ZC Switch'.0 to 0
V/audio_hw_primary(17353): Set 'Output ZC Switch'.1 to 0
V/audio_hw_primary(17353): Set 'Speaker ZC Switch'.0 to 0
V/audio_hw_primary(17353): Set 'Speaker ZC Switch'.1 to 0
V/audio_hw_primary(17353): Set 'Headphone ZC Switch'.0 to 0
V/audio_hw_primary(17353): Set 'Headphone ZC Switch'.1 to 0
