D/DialpadFragment( 4843): DialpadFragment onCreateView Begin
E/DisplayManager( 4843): Could not get display information from display manager.
E/DisplayManager( 4843): android.os.DeadObjectException
E/DisplayManager( 4843): 	at android.os.BinderProxy.transact(Native Method)
E/DisplayManager( 4843): 	at android.hardware.display.IDisplayManager$Stub$Proxy.getDisplayInfo(IDisplayManager.java:221)
E/DisplayManager( 4843): 	at android.hardware.display.DisplayManagerGlobal.getDisplayInfo(DisplayManagerGlobal.java:117)
E/DisplayManager( 4843): 	at android.view.Display.updateDisplayInfoLocked(Display.java:657)
E/DisplayManager( 4843): 	at android.view.Display.getMetrics(Display.java:585)
E/DisplayManager( 4843): 	at com.baidu.contacts.widget.ButtonGridLayout.getMetrics(ButtonGridLayout.java:102)
E/DisplayManager( 4843): 	at com.baidu.contacts.widget.ButtonGridLayout.<init>(ButtonGridLayout.java:89)
E/DisplayManager( 4843): 	at java.lang.reflect.Constructor.constructNative(Native Method)
E/DisplayManager( 4843): 	at java.lang.reflect.Constructor.newInstance(Constructor.java:423)
E/DisplayManager( 4843): 	at android.view.LayoutInflater.createView(LayoutInflater.java:594)
E/DisplayManager( 4843): 	at android.view.LayoutInflater.createViewFromTag(LayoutInflater.java:696)
E/DisplayManager( 4843): 	at android.view.LayoutInflater.rInflate(LayoutInflater.java:755)
E/DisplayManager( 4843): 	at android.view.LayoutInflater.rInflate(LayoutInflater.java:758)
E/DisplayManager( 4843): 	at android.view.LayoutInflater.parseInclude(LayoutInflater.java:839)
E/DisplayManager( 4843): 	at android.view.LayoutInflater.rInflate(LayoutInflater.java:745)
E/DisplayManager( 4843): 	at android.view.LayoutInflater.rInflate(LayoutInflater.java:758)
E/DisplayManager( 4843): 	at android.view.LayoutInflater.inflate(LayoutInflater.java:492)
E/DisplayManager( 4843): 	at android.view.LayoutInflater.inflate(LayoutInflater.java:397)
E/DisplayManager( 4843): 	at com.android.contacts.dialpad.DialpadFragment.onCreateView(DialpadFragment.java:821)
E/DisplayManager( 4843): 	at android.app.Fragment.performCreateView(Fragment.java:1700)
E/DisplayManager( 4843): 	at android.app.FragmentManagerImpl.moveToState(FragmentManager.java:890)
E/DisplayManager( 4843): 	at android.app.FragmentManagerImpl.moveToState(FragmentManager.java:1062)
E/DisplayManager( 4843): 	at android.app.FragmentManagerImpl.moveToState(FragmentManager.java:1044)
E/DisplayManager( 4843): 	at android.app.FragmentManagerImpl.dispatchActivityCreated(FragmentManager.java:1853)
E/DisplayManager( 4843): 	at android.app.Activity.performCreate(Activity.java:5234)
E/DisplayManager( 4843): 	at android.app.Instrumentation.callActivityOnCreate(Instrumentation.java:1087)
E/DisplayManager( 4843): 	at android.app.ActivityThread.performLaunchActivity(ActivityThread.java:2169)
E/DisplayManager( 4843): 	at android.app.ActivityThread.handleLaunchActivity(ActivityThread.java:2271)
E/DisplayManager( 4843): 	at android.app.ActivityThread.access$800(ActivityThread.java:144)
E/DisplayManager( 4843): 	at android.app.ActivityThread$H.handleMessage(ActivityThread.java:1205)
E/DisplayManager( 4843): 	at android.os.Handler.dispatchMessage(Handler.java:102)
E/DisplayManager( 4843): 	at android.os.Looper.loop(Looper.java:136)
E/DisplayManager( 4843): 	at android.app.ActivityThread.main(ActivityThread.java:5124)
E/DisplayManager( 4843): 	at java.lang.reflect.Method.invokeNative(Native Method)
E/DisplayManager( 4843): 	at java.lang.reflect.Method.invoke(Method.java:515)
E/DisplayManager( 4843): 	at com.android.internal.os.ZygoteInit$MethodAndArgsCaller.run(ZygoteInit.java:732)
E/DisplayManager( 4843): 	at com.android.internal.os.ZygoteInit.main(ZygoteInit.java:566)
E/DisplayManager( 4843): 	at dalvik.system.NativeStart.main(Native Method)
E/BufferQueue( 1904): [com.baidu.setupwizard/com.baidu.setupwizard.WelcomeActivity] dequeueBuffer: BufferQueue has been abandoned!
E/[EGL-ERROR]( 4496): void __egl_platform_dequeue_buffer(egl_surface*):1618: failed to dequeue buffer from native window (0x5d35a658); err = -19, buf = 0x0,max_allowed_dequeued_buffers 3
E/BufferQueue( 1904): [com.baidu.setupwizard/com.baidu.setupwizard.WelcomeActivity] dequeueBuffer: BufferQueue has been abandoned!
E/[EGL-ERROR]( 4496): void __egl_platform_dequeue_buffer(egl_surface*):1618: failed to dequeue buffer from native window (0x5d35a658); err = -19, buf = 0x0,max_allowed_dequeued_buffers 3
E/BufferQueue( 1904): [com.baidu.setupwizard/com.baidu.setupwizard.WelcomeActivity] dequeueBuffer: BufferQueue has been abandoned!
E/[EGL-ERROR]( 4496): void __egl_platform_dequeue_buffer(egl_surface*):1618: failed to dequeue buffer from native window (0x5d35a658); err = -19, buf = 0x0,max_allowed_dequeued_buffers 3
D/OpenGLRenderer( 4496): GL error from OpenGLRenderer: 0x501
E/OpenGLRenderer( 4496):   GL_INVALID_VALUE
E/ActivityThread( 4843): Failed to find provider info for com.baidu.providers.yellowpage
E/CountryDetector( 4843): detectCountry: RemoteException
E/CountryDetector( 4843): android.os.DeadObjectException
E/CountryDetector( 4843): 	at android.os.BinderProxy.transact(Native Method)
E/CountryDetector( 4843): 	at android.location.ICountryDetector$Stub$Proxy.detectCountry(ICountryDetector.java:111)
E/CountryDetector( 4843): 	at android.location.CountryDetector.detectCountry(CountryDetector.java:106)
E/CountryDetector( 4843): 	at com.android.contacts.ContactsUtils.getCurrentCountryIso(ContactsUtils.java:191)
E/CountryDetector( 4843): 	at com.android.contacts.dialpad.DialerSearchController.<init>(DialerSearchController.java:98)
E/CountryDetector( 4843): 	at com.android.contacts.dialpad.DialpadFragment.onCreateView(DialpadFragment.java:920)
E/CountryDetector( 4843): 	at android.app.Fragment.performCreateView(Fragment.java:1700)
E/CountryDetector( 4843): 	at android.app.FragmentManagerImpl.moveToState(FragmentManager.java:890)
E/CountryDetector( 4843): 	at android.app.FragmentManagerImpl.moveToState(FragmentManager.java:1062)
E/CountryDetector( 4843): 	at android.app.FragmentManagerImpl.moveToState(FragmentManager.java:1044)
E/CountryDetector( 4843): 	at android.app.FragmentManagerImpl.dispatchActivityCreated(FragmentManager.java:1853)
E/CountryDetector( 4843): 	at android.app.Activity.performCreate(Activity.java:5234)
E/CountryDetector( 4843): 	at android.app.Instrumentation.callActivityOnCreate(Instrumentation.java:1087)
E/CountryDetector( 4843): 	at android.app.ActivityThread.performLaunchActivity(ActivityThread.java:2169)
E/CountryDetector( 4843): 	at android.app.ActivityThread.handleLaunchActivity(ActivityThread.java:2271)
E/CountryDetector( 4843): 	at android.app.ActivityThread.access$800(ActivityThread.java:144)
E/CountryDetector( 4843): 	at android.app.ActivityThread$H.handleMessage(ActivityThread.java:1205)
E/CountryDetector( 4843): 	at android.os.Handler.dispatchMessage(Handler.java:102)
E/CountryDetector( 4843): 	at android.os.Looper.loop(Looper.java:136)
E/CountryDetector( 4843): 	at android.app.ActivityThread.main(ActivityThread.java:5124)
E/CountryDetector( 4843): 	at java.lang.reflect.Method.invokeNative(Native Method)
E/CountryDetector( 4843): 	at java.lang.reflect.Method.invoke(Method.java:515)
E/CountryDetector( 4843): 	at com.android.internal.os.ZygoteInit$MethodAndArgsCaller.run(ZygoteInit.java:732)
E/CountryDetector( 4843): 	at com.android.internal.os.ZygoteInit.main(ZygoteInit.java:566)
E/CountryDetector( 4843): 	at dalvik.system.NativeStart.main(Native Method)
E/ActivityThread( 4843): Failed to find provider info for com.baidu.providers.yellowpage
E/BufferQueue( 1904): [com.baidu.setupwizard/com.baidu.setupwizard.WelcomeActivity] dequeueBuffer: BufferQueue has been abandoned!
E/[EGL-ERROR]( 4496): void __egl_platform_dequeue_buffer(egl_surface*):1618: failed to dequeue buffer from native window (0x5d35a658); err = -19, buf = 0x0,max_allowed_dequeued_buffers 3
E/BufferQueue( 1904): [com.baidu.setupwizard/com.baidu.setupwizard.WelcomeActivity] dequeueBuffer: BufferQueue has been abandoned!
E/[EGL-ERROR]( 4496): void __egl_platform_dequeue_buffer(egl_surface*):1618: failed to dequeue buffer from native window (0x5d35a658); err = -19, buf = 0x0,max_allowed_dequeued_buffers 3
E/BufferQueue( 1904): [com.baidu.setupwizard/com.baidu.setupwizard.WelcomeActivity] dequeueBuffer: BufferQueue has been abandoned!
E/[EGL-ERROR]( 4496): void __egl_platform_dequeue_buffer(egl_surface*):1618: failed to dequeue buffer from native window (0x5d35a658); err = -19, buf = 0x0,max_allowed_dequeued_buffers 3
D/OpenGLRenderer( 4496): GL error from OpenGLRenderer: 0x501
E/OpenGLRenderer( 4496):   GL_INVALID_VALUE
D/DialpadFragment( 4843): DialpadFragment prepareMultiSelectView Begin
D/DialpadFragment( 4843): DialpadFragment prepareMultiSelectView End
D/DialpadFragment( 4843): DialpadFragment onCreateView End
I/Zygote  ( 3891): Exit zygote because system server (4146) has terminated
D/DynamicPermissionManager( 4843): Service may dead
D/DynamicPermissionManager( 4843): Service may dead
E/ActivityThread( 4843): Failed to find provider info for mms-sms
E/ActivityThread( 4843): Failed to find provider info for mms-sms
D/DynamicPermissionManager( 4843): Service may dead
E/ActivityThread( 4843): Failed to find provider info for mms-sms
E/DisplayManager( 4843): Could not get display information from display manager.
E/DisplayManager( 4843): android.os.DeadObjectException
E/DisplayManager( 4843): 	at android.os.BinderProxy.transact(Native Method)
E/DisplayManager( 4843): 	at android.hardware.display.IDisplayManager$Stub$Proxy.getDisplayInfo(IDisplayManager.java:221)
E/DisplayManager( 4843): 	at android.hardware.display.DisplayManagerGlobal.getDisplayInfo(DisplayManagerGlobal.java:117)
E/DisplayManager( 4843): 	at android.view.Display.updateDisplayInfoLocked(Display.java:657)
E/DisplayManager( 4843): 	at android.view.Display.updateCachedAppSizeIfNeededLocked(Display.java:681)
E/DisplayManager( 4843): 	at android.view.Display.getWidth(Display.java:484)
E/DisplayManager( 4843): 	at com.baidu.contacts.list.IndexViewBar.attach(IndexViewBar.java:143)
E/DisplayManager( 4843): 	at com.android.contacts.list.ContactEntryListFragment.initIndexView(ContactEntryListFragment.java:244)
E/DisplayManager( 4843): 	at com.android.contacts.list.ContactEntryListFragment.onStart(ContactEntryListFragment.java:399)
E/DisplayManager( 4843): 	at android.app.Fragment.performStart(Fragment.java:1724)
E/DisplayManager( 4843): 	at android.app.FragmentManagerImpl.moveToState(FragmentManager.java:918)
E/DisplayManager( 4843): 	at android.app.FragmentManagerImpl.moveToState(FragmentManager.java:1062)
E/DisplayManager( 4843): 	at android.app.FragmentManagerImpl.moveToState(FragmentManager.java:1044)
E/DisplayManager( 4843): 	at android.app.FragmentManagerImpl.dispatchStart(FragmentManager.java:1858)
E/DisplayManager( 4843): 	at android.app.Activity.performStart(Activity.java:5247)
E/DisplayManager( 4843): 	at android.app.ActivityThread.performLaunchActivity(ActivityThread.java:2178)
E/DisplayManager( 4843): 	at android.app.ActivityThread.handleLaunchActivity(ActivityThread.java:2271)
E/DisplayManager( 4843): 	at android.app.ActivityThread.access$800(ActivityThread.java:144)
E/DisplayManager( 4843): 	at android.app.ActivityThread$H.handleMessage(ActivityThread.java:1205)
E/DisplayManager( 4843): 	at android.os.Handler.dispatchMessage(Handler.java:102)
E/DisplayManager( 4843): 	at android.os.Looper.loop(Looper.java:136)
E/DisplayManager( 4843): 	at android.app.ActivityThread.main(ActivityThread.java:5124)
E/DisplayManager( 4843): 	at java.lang.reflect.Method.invokeNative(Native Method)
E/DisplayManager( 4843): 	at java.lang.reflect.Method.invoke(Method.java:515)
E/DisplayManager( 4843): 	at com.android.internal.os.ZygoteInit$MethodAndArgsCaller.run(ZygoteInit.java:732)
E/DisplayManager( 4843): 	at com.android.internal.os.ZygoteInit.main(ZygoteInit.java:566)
E/DisplayManager( 4843): 	at dalvik.system.NativeStart.main(Native Method)
D/IndexViewBar( 4843): index view location:x=144 y=0 orientation=1
D/DynamicPermissionManager( 4843): Service may dead
E/ActivityThread( 4843): Failed to find provider info for com.android.contacts
E/BufferQueue( 1904): [com.baidu.setupwizard/com.baidu.setupwizard.WelcomeActivity] dequeueBuffer: BufferQueue has been abandoned!
E/[EGL-ERROR]( 4496): void __egl_platform_dequeue_buffer(egl_surface*):1618: failed to dequeue buffer from native window (0x5d35a658); err = -19, buf = 0x0,max_allowed_dequeued_buffers 3
E/BufferQueue( 1904): [com.baidu.setupwizard/com.baidu.setupwizard.WelcomeActivity] dequeueBuffer: BufferQueue has been abandoned!
E/[EGL-ERROR]( 4496): void __egl_platform_dequeue_buffer(egl_surface*):1618: failed to dequeue buffer from native window (0x5d35a658); err = -19, buf = 0x0,max_allowed_dequeued_buffers 3
E/BufferQueue( 1904): [com.baidu.setupwizard/com.baidu.setupwizard.WelcomeActivity] dequeueBuffer: BufferQueue has been abandoned!
E/[EGL-ERROR]( 4496): void __egl_platform_dequeue_buffer(egl_surface*):1618: failed to dequeue buffer from native window (0x5d35a658); err = -19, buf = 0x0,max_allowed_dequeued_buffers 3
D/OpenGLRenderer( 4496): GL error from OpenGLRenderer: 0x501
E/OpenGLRenderer( 4496):   GL_INVALID_VALUE
I/Netd    ( 5537): Netd 1.0 starting
I/ServiceManager( 1894): service 'media.audio_policy' died
I/ServiceManager( 1894): service 'media.audio_flinger' died
I/ServiceManager( 1894): service 'media.player' died
I/ServiceManager( 1894): service 'media.camera' died
I/ServiceManager( 1894): service 'simphonebook' died
I/ServiceManager( 1894): service 'iphonesubinfo' died
I/ServiceManager( 1894): service 'isms' died
I/ServiceManager( 1894): service 'phone' died
I/ServiceManager( 1894): service 'sip' died
I/mediaserver( 5539): ServiceManager: 0x40e1f1b0
I/AudioFlinger( 5539): Using default 3000 mSec as standby time.
E/MediaPlayerFactory( 5539): calling dlopen on FACTORY_LIB
E/MediaPlayerFactory( 5539): Failed to open FACTORY_LIB Error : dlopen failed: library "libdashplayer.so" not found 
I/CameraService( 5539): CameraService started (pid=5539)
I/CameraService( 5539): Loaded "m0xx Camera Wrapper" camera module
D/SecCameraHardware( 5539): LSIHAL int android::HAL_getNumberOfCameras()
D/AndroidRuntime( 5536): 
D/AndroidRuntime( 5536): >>>>>> AndroidRuntime START com.android.internal.os.ZygoteInit <<<<<<
D/AndroidRuntime( 5536): CheckJNI is OFF
I/AudioPolicyManagerBase( 5539): loadAudioPolicyConfig() loaded /system/etc/audio_policy.conf
V/audio_hw_primary( 5539): Reading configuration from /system/etc/sound/m0
V/audio_hw_primary( 5539): Parsing control AIF2DACL Source => 0
V/audio_hw_primary( 5539): Parsing control AIF2DACR Source => 0
V/audio_hw_primary( 5539): Parsing control AIF2ADCL Source => 0
V/audio_hw_primary( 5539): Parsing control AIF2ADCR Source => 1
V/audio_hw_primary( 5539): Parsing control DAC1 Switch => 1
V/audio_hw_primary( 5539): Parsing control IN1L ZC Switch => 0
V/audio_hw_primary( 5539): Parsing control IN1R ZC Switch => 0
V/audio_hw_primary( 5539): Parsing control IN2L ZC Switch => 0
V/audio_hw_primary( 5539): Parsing control IN2R ZC Switch => 0
V/audio_hw_primary( 5539): Parsing control Output ZC Switch => 0
V/audio_hw_primary( 5539): Parsing control Speaker ZC Switch => 0
V/audio_hw_primary( 5539): Parsing control Headphone ZC Switch => 0
V/audio_hw_primary( 5539): Parsing control DAC1L Mixer AIF1.1 Switch => 1
V/audio_hw_primary( 5539): Parsing control DAC1R Mixer AIF1.1 Switch => 1
V/audio_hw_primary( 5539): Parsing control DAC1 Switch => 1
V/audio_hw_primary( 5539): Parsing control AIF2DAC2L Mixer Left Sidetone Switch => 1
V/audio_hw_primary( 5539): Parsing control AIF2DAC2L Mixer Right Sidetone Switch => 0
V/audio_hw_primary( 5539): Parsing control AIF2DAC2R Mixer Left Sidetone Switch => 0
V/audio_hw_primary( 5539): Parsing control AIF2DAC2R Mixer Right Sidetone Switch => 1
V/audio_hw_primary( 5539): Parsing control DAC2 Left Sidetone Volume => 12
V/audio_hw_primary( 5539): Parsing control DAC2 Right Sidetone Volume => 12
V/audio_hw_primary( 5539): Parsing control DAC2 Switch => 1
V/audio_hw_primary( 5539): Parsing control Left Headphone Mux => Mixer
V/audio_hw_primary( 5539): Parsing control Right Headphone Mux => Mixer
V/audio_hw_primary( 5539): Parsing control SPKL DAC1 Switch => 1
V/audio_hw_primary( 5539): Parsing control SPKR DAC1 Switch => 1
V/audio_hw_primary( 5539): Parsing control SPKL Boost SPKL Switch => 1
V/audio_hw_primary( 5539): Parsing control SPKL Boost SPKR Switch => 1
V/audio_hw_primary( 5539): Parsing control SPKR Boost SPKL Switch => 0
V/audio_hw_primary( 5539): Parsing control SPKR Boost SPKR Switch => 1
V/audio_hw_primary( 5539): Parsing control Speaker Mixer Volume => 3
V/audio_hw_primary( 5539): Parsing control Left Output Mixer DAC Switch => 1
V/audio_hw_primary( 5539): Parsing control Right Output Mixer DAC Switch => 1
V/audio_hw_primary( 5539): Parsing control Earpiece Mixer Left Output Switch => 1
V/audio_hw_primary( 5539): Parsing control Earpiece Mixer Right Output Switch => 1
V/audio_hw_primary( 5539): Parsing control Earpiece Switch => 1
V/audio_hw_primary( 5539): Parsing control LINEOUT2N Mixer Left Output Switch => 1
V/audio_hw_primary( 5539): Parsing control LINEOUT2P Mixer Right Output Switch => 1
V/audio_hw_primary( 5539): Parsing control LINEOUT1N Mixer Right Output Switch => 1
V/audio_hw_primary( 5539): Parsing control LINEOUT1P Mixer Left Output Switch => 1
V/audio_hw_primary( 5539): Parsing control AIF1ADC1L Mixer ADC/DMIC Switch => 1
V/audio_hw_primary( 5539): Parsing control AIF1ADC1R Mixer ADC/DMIC Switch => 1
V/audio_hw_primary( 5539): Parsing control IN1L PGA IN1LP Switch => 1
V/audio_hw_primary( 5539): Parsing control IN1L PGA IN1LN Switch => 1
V/audio_hw_primary( 5539): Parsing control MIXINL IN1L Volume => 1
V/audio_hw_primary( 5539): Parsing control IN1L Switch => 1
V/audio_hw_primary( 5539): Parsing control IN1R PGA IN1RP Switch => 1
V/audio_hw_primary( 5539): Parsing control IN1R PGA IN1RN Switch => 1
V/audio_hw_primary( 5539): Parsing control MIXINR IN1R Volume => 1
V/audio_hw_primary( 5539): Parsing control IN1R Switch => 1
V/audio_hw_primary( 5539): Parsing control IN2R PGA IN2RP Switch => 1
V/audio_hw_primary( 5539): Parsing control IN2R PGA IN2RN Switch => 1
V/audio_hw_primary( 5539): Parsing control MIXINR IN2R Volume => 1
V/audio_hw_primary( 5539): Parsing control IN2R Switch => 1
V/audio_hw_primary( 5539): Parsing control IN2L PGA IN2LP Switch => 1
V/audio_hw_primary( 5539): Parsing control IN2L PGA IN2LN Switch => 1
V/audio_hw_primary( 5539): Parsing control MIXINL IN2L Volume => 1
V/audio_hw_primary( 5539): Parsing control IN2L Switch => 1
V/audio_hw_primary( 5539): Parsing control AIF1ADC1L Mixer ADC/DMIC Switch => 1
V/audio_hw_primary( 5539): Parsing control AIF1ADC1R Mixer ADC/DMIC Switch => 1
V/audio_hw_primary( 5539): Parsing control ADCL Mux => ADC
V/audio_hw_primary( 5539): Parsing control Sidetone HPF Switch => 0
V/audio_hw_primary( 5539): Parsing control ADCL Mux => DMIC
V/audio_hw_primary( 5539): Parsing control ADCL Mux => ADC
V/audio_hw_primary( 5539): Parsing control ADCR Mux => DMIC
V/audio_hw_primary( 5539): Parsing control ADCR Mux => ADC
V/audio_hw_primary( 5539): Parsing control AIF3ADC Mux => 1
V/audio_hw_primary( 5539): Parsing control HP Switch => 0
V/audio_hw_primary( 5539): Parsing control SPK Switch => 0
V/audio_hw_primary( 5539): Parsing control RCV Switch => 0
V/audio_hw_primary( 5539): Parsing control LINE Switch => 0
V/audio_hw_primary( 5539): Parsing control HDMI Switch => 0
V/audio_hw_primary( 5539): Parsing control Main Mic Switch => 0
V/audio_hw_primary( 5539): Parsing control Sub Mic Switch => 0
V/audio_hw_primary( 5539): Parsing control Headset Mic Switch => 0
V/audio_hw_primary( 5539): Parsing control FM In Switch => 0
V/audio_hw_primary( 5539): Applying 76 element default route
V/audio_hw_primary( 5539): Set 'AIF2DACL Source'.0 to 0
V/audio_hw_primary( 5539): Set 'AIF2DACR Source'.0 to 0
V/audio_hw_primary( 5539): Set 'AIF2ADCL Source'.0 to 0
V/audio_hw_primary( 5539): Set 'AIF2ADCR Source'.0 to 1
V/audio_hw_primary( 5539): Set 'DAC1 Switch'.0 to 1
V/audio_hw_primary( 5539): Set 'DAC1 Switch'.1 to 1
V/audio_hw_primary( 5539): Set 'IN1L ZC Switch'.0 to 0
V/audio_hw_primary( 5539): Set 'IN1R ZC Switch'.0 to 0
V/audio_hw_primary( 5539): Set 'IN2L ZC Switch'.0 to 0
V/audio_hw_primary( 5539): Set 'IN2R ZC Switch'.0 to 0
V/audio_hw_primary( 5539): Set 'Output ZC Switch'.0 to 0
V/audio_hw_primary( 5539): Set 'Output ZC Switch'.1 to 0
V/audio_hw_primary( 5539): Set 'Speaker ZC Switch'.0 to 0
V/audio_hw_primary( 5539): Set 'Speaker ZC Switch'.1 to 0
V/audio_hw_primary( 5539): Set 'Headphone ZC Switch'.0 to 0
V/audio_hw_primary( 5539): Set 'Headphone ZC Switch'.1 to 0
V/audio_hw_primary( 5539): Set 'DAC1L Mixer AIF1.1 Switch'.0 to 1
V/audio_hw_primary( 5539): Set 'DAC1R Mixer AIF1.1 Switch'.0 to 1
V/audio_hw_primary( 5539): Set 'DAC1 Switch'.0 to 1
V/audio_hw_primary( 5539): Set 'DAC1 Switch'.1 to 1
V/audio_hw_primary( 5539): Set 'AIF2DAC2L Mixer Left Sidetone Switch'.0 to 1
V/audio_hw_primary( 5539): Set 'AIF2DAC2L Mixer Right Sidetone Switch'.0 to 0
V/audio_hw_primary( 5539): Set 'AIF2DAC2R Mixer Left Sidetone Switch'.0 to 0
V/audio_hw_primary( 5539): Set 'AIF2DAC2R Mixer Right Sidetone Switch'.0 to 1
V/audio_hw_primary( 5539): Set 'DAC2 Left Sidetone Volume'.0 to 12
V/audio_hw_primary( 5539): Set 'DAC2 Right Sidetone Volume'.0 to 12
V/audio_hw_primary( 5539): Set 'DAC2 Switch'.0 to 1
V/audio_hw_primary( 5539): Set 'DAC2 Switch'.1 to 1
V/audio_hw_primary( 5539): Set 'Left Headphone Mux' to 'Mixer'
V/audio_hw_primary( 5539): Set 'Right Headphone Mux' to 'Mixer'
V/audio_hw_primary( 5539): Set 'SPKL DAC1 Switch'.0 to 1
V/audio_hw_primary( 5539): Set 'SPKR DAC1 Switch'.0 to 1
V/audio_hw_primary( 5539): Set 'SPKL Boost SPKL Switch'.0 to 1
V/audio_hw_primary( 5539): Set 'SPKL Boost SPKR Switch'.0 to 1
V/audio_hw_primary( 5539): Set 'SPKR Boost SPKL Switch'.0 to 0
V/audio_hw_primary( 5539): Set 'SPKR Boost SPKR Switch'.0 to 1
V/audio_hw_primary( 5539): Set 'Speaker Mixer Volume'.0 to 3
V/audio_hw_primary( 5539): Set 'Speaker Mixer Volume'.1 to 3
V/audio_hw_primary( 5539): Set 'Left Output Mixer DAC Switch'.0 to 1
V/audio_hw_primary( 5539): Set 'Right Output Mixer DAC Switch'.0 to 1
V/audio_hw_primary( 5539): Set 'Earpiece Mixer Left Output Switch'.0 to 1
V/audio_hw_primary( 5539): Set 'Earpiece Mixer Right Output Switch'.0 to 1
V/audio_hw_primary( 5539): Set 'Earpiece Switch'.0 to 1
V/audio_hw_primary( 5539): Set 'LINEOUT2N Mixer Left Output Switch'.0 to 1
V/audio_hw_primary( 5539): Set 'LINEOUT2P Mixer Right Output Switch'.0 to 1
V/audio_hw_primary( 5539): Set 'LINEOUT1N Mixer Right Output Switch'.0 to 1
V/audio_hw_primary( 5539): Set 'LINEOUT1P Mixer Left Output Switch'.0 to 1
V/audio_hw_primary( 5539): Set 'AIF1ADC1L Mixer ADC/DMIC Switch'.0 to 1
V/audio_hw_primary( 5539): Set 'AIF1ADC1R Mixer ADC/DMIC Switch'.0 to 1
V/audio_hw_primary( 5539): Set 'IN1L PGA IN1LP Switch'.0 to 1
V/audio_hw_primary( 5539): Set 'IN1L PGA IN1LN Switch'.0 to 1
V/audio_hw_primary( 5539): Set 'MIXINL IN1L Volume'.0 to 1
V/audio_hw_primary( 5539): Set 'IN1L Switch'.0 to 1
V/audio_hw_primary( 5539): Set 'IN1R PGA IN1RP Switch'.0 to 1
V/audio_hw_primary( 5539): Set 'IN1R PGA IN1RN Switch'.0 to 1
V/audio_hw_primary( 5539): Set 'MIXINR IN1R Volume'.0 to 1
V/audio_hw_primary( 5539): Set 'IN1R Switch'.0 to 1
V/audio_hw_primary( 5539): Set 'IN2R PGA IN2RP Switch'.0 to 1
V/audio_hw_primary( 5539): Set 'IN2R PGA IN2RN Switch'.0 to 1
V/audio_hw_primary( 5539): Set 'MIXINR IN2R Volume'.0 to 1
V/audio_hw_primary( 5539): Set 'IN2R Switch'.0 to 1
V/audio_hw_primary( 5539): Set 'IN2L PGA IN2LP Switch'.0 to 1
V/audio_hw_primary( 5539): Set 'IN2L PGA IN2LN Switch'.0 to 1
V/audio_hw_primary( 5539): Set 'MIXINL IN2L Volume'.0 to 1
V/audio_hw_primary( 5539): Set 'IN2L Switch'.0 to 1
V/audio_hw_primary( 5539): Set 'AIF1ADC1L Mixer ADC/DMIC Switch'.0 to 1
V/audio_hw_primary( 5539): Set 'AIF1ADC1R Mixer ADC/DMIC Switch'.0 to 1
V/audio_hw_primary( 5539): Set 'ADCL Mux' to 'ADC'
V/audio_hw_primary( 5539): Set 'Sidetone HPF Switch'.0 to 0
V/audio_hw_primary( 5539): Set 'ADCL Mux' to 'DMIC'
V/audio_hw_primary( 5539): Set 'ADCL Mux' to 'ADC'
V/audio_hw_primary( 5539): Set 'ADCR Mux' to 'DMIC'
V/audio_hw_primary( 5539): Set 'ADCR Mux' to 'ADC'
V/audio_hw_primary( 5539): Set 'AIF3ADC Mux'.0 to 1
V/audio_hw_primary( 5539): Set 'HP Switch'.0 to 0
V/audio_hw_primary( 5539): Set 'SPK Switch'.0 to 0
V/audio_hw_primary( 5539): Set 'RCV Switch'.0 to 0
D/dalvikvm( 5536): Trying to load lib libjavacore.so 0x0
V/audio_hw_primary( 5539): Set 'LINE Switch'.0 to 0
D/dalvikvm( 5536): Added shared lib libjavacore.so 0x0
V/audio_hw_primary( 5539): Set 'HDMI Switch'.0 to 0
V/audio_hw_primary( 5539): Set 'Main Mic Switch'.0 to 0
V/audio_hw_primary( 5539): Set 'Sub Mic Switch'.0 to 0
D/dalvikvm( 5536): Trying to load lib libnativehelper.so 0x0
D/dalvikvm( 5536): Added shared lib libnativehelper.so 0x0
D/dalvikvm( 5536): No JNI_OnLoad found in libnativehelper.so 0x0, skipping init
V/audio_hw_primary( 5539): Set 'Headset Mic Switch'.0 to 0
V/audio_hw_primary( 5539): Set 'FM In Switch'.0 to 0
I/audio_hw_primary( 5539): Allocating device speaker
V/audio_hw_primary( 5539): Parsing control SPK Switch => 1
V/audio_hw_primary( 5539): Parsing control AIF1DAC1 Volume => 96
V/audio_hw_primary( 5539): Parsing control AIF1 Boost Volume => 0
V/audio_hw_primary( 5539): Parsing control DAC1 Volume => 96
V/audio_hw_primary( 5539): Parsing control Left Output Mixer DAC Volume => 7
V/audio_hw_primary( 5539): Parsing control Right Output Mixer DAC Volume => 7
V/audio_hw_primary( 5539): Parsing control SPKL DAC1 Volume => 1
V/audio_hw_primary( 5539): Parsing control SPKR DAC1 Volume => 1
V/audio_hw_primary( 5539): Parsing control Speaker Mixer Volume => 3
V/audio_hw_primary( 5539): Parsing control Speaker Boost Volume => 6
V/audio_hw_primary( 5539): Parsing control Speaker Volume => 57
V/audio_hw_primary( 5539): Parsing control AIF1DAC1 EQ Switch => 1
V/audio_hw_primary( 5539): Parsing control AIF1DAC1 EQ1 Volume => 9
V/audio_hw_primary( 5539): Parsing control AIF1DAC1 EQ2 Volume => 7
V/audio_hw_primary( 5539): Parsing control AIF1DAC1 EQ3 Volume => 10
V/audio_hw_primary( 5539): Parsing control AIF1DAC1 EQ4 Volume => 13
V/audio_hw_primary( 5539): Parsing control AIF1DAC1 EQ5 Volume => 12
V/audio_hw_primary( 5539): 17 element on sequence
V/audio_hw_primary( 5539): Parsing control SPK Switch => 0
V/audio_hw_primary( 5539): Parsing control AIF1DAC1 Volume => 96
V/audio_hw_primary( 5539): Parsing control AIF1 Boost Volume => 0
V/audio_hw_primary( 5539): Parsing control DAC1 Volume => 96
V/audio_hw_primary( 5539): Parsing control SPKL DAC1 Volume => 1
V/audio_hw_primary( 5539): Parsing control SPKR DAC1 Volume => 1
V/audio_hw_primary( 5539): Parsing control Speaker Mixer Volume => 0
V/audio_hw_primary( 5539): Parsing control Speaker Volume => 0
V/audio_hw_primary( 5539): Parsing control Speaker Boost Volume => 0
V/audio_hw_primary( 5539): Parsing control AIF1DAC1 EQ Switch => 0
V/audio_hw_primary( 5539): 10 element off sequence
V/audio_hw_primary( 5539): Set 'SPK Switch'.0 to 0
V/audio_hw_primary( 5539): Set 'AIF1DAC1 Volume'.0 to 96
V/audio_hw_primary( 5539): Set 'AIF1DAC1 Volume'.1 to 96
V/audio_hw_primary( 5539): Set 'AIF1 Boost Volume'.0 to 0
V/audio_hw_primary( 5539): Set 'DAC1 Volume'.0 to 96
V/audio_hw_primary( 5539): Set 'DAC1 Volume'.1 to 96
V/audio_hw_primary( 5539): Set 'SPKL DAC1 Volume'.0 to 1
V/audio_hw_primary( 5539): Set 'SPKR DAC1 Volume'.0 to 1
V/audio_hw_primary( 5539): Set 'Speaker Mixer Volume'.0 to 0
V/audio_hw_primary( 5539): Set 'Speaker Mixer Volume'.1 to 0
V/audio_hw_primary( 5539): Set 'Speaker Volume'.0 to 0
V/audio_hw_primary( 5539): Set 'Speaker Volume'.1 to 0
V/audio_hw_primary( 5539): Set 'Speaker Boost Volume'.0 to 0
V/audio_hw_primary( 5539): Set 'Speaker Boost Volume'.1 to 0
V/audio_hw_primary( 5539): Set 'AIF1DAC1 EQ Switch'.0 to 0
I/audio_hw_primary( 5539): Allocating device earpiece
V/audio_hw_primary( 5539): Parsing control RCV Switch => 1
V/audio_hw_primary( 5539): Parsing control AIF1DAC1 Volume => 96
V/audio_hw_primary( 5539): Parsing control AIF1 Boost Volume => 0
V/audio_hw_primary( 5539): Parsing control DAC1 Volume => 96
V/audio_hw_primary( 5539): Parsing control Left Output Mixer DAC Volume => 7
V/audio_hw_primary( 5539): Parsing control Right Output Mixer DAC Volume => 7
V/audio_hw_primary( 5539): Parsing control Output Volume => 57
V/audio_hw_primary( 5539): Parsing control Earpiece Volume => 1
V/audio_hw_primary( 5539): Parsing control Speaker Mixer Volume => 1
V/audio_hw_primary( 5539): 9 element on sequence
V/audio_hw_primary( 5539): Parsing control RCV Switch => 0
V/audio_hw_primary( 5539): Parsing control AIF1DAC1 Volume => 96
V/audio_hw_primary( 5539): Parsing control AIF1 Boost Volume => 0
V/audio_hw_primary( 5539): Parsing control DAC1 Volume => 96
V/audio_hw_primary( 5539): Parsing control Left Output Mixer DAC Volume => 7
V/audio_hw_primary( 5539): Parsing control Right Output Mixer DAC Volume => 7
V/audio_hw_primary( 5539): Parsing control Output Volume => 57
V/audio_hw_primary( 5539): Parsing control Earpiece Volume => 1
V/audio_hw_primary( 5539): 8 element off sequence
V/audio_hw_primary( 5539): Set 'RCV Switch'.0 to 0
V/audio_hw_primary( 5539): Set 'AIF1DAC1 Volume'.0 to 96
V/audio_hw_primary( 5539): Set 'AIF1DAC1 Volume'.1 to 96
V/audio_hw_primary( 5539): Set 'AIF1 Boost Volume'.0 to 0
V/audio_hw_primary( 5539): Set 'DAC1 Volume'.0 to 96
V/audio_hw_primary( 5539): Set 'DAC1 Volume'.1 to 96
V/audio_hw_primary( 5539): Set 'Left Output Mixer DAC Volume'.0 to 7
V/audio_hw_primary( 5539): Set 'Right Output Mixer DAC Volume'.0 to 7
V/audio_hw_primary( 5539): Set 'Output Volume'.0 to 57
V/audio_hw_primary( 5539): Set 'Output Volume'.1 to 57
V/audio_hw_primary( 5539): Set 'Earpiece Volume'.0 to 1
I/audio_hw_primary( 5539): Allocating device headphone
V/audio_hw_primary( 5539): Parsing control HP Switch => 1
V/audio_hw_primary( 5539): Parsing control Headphone Volume => 50
V/audio_hw_primary( 5539): Parsing control Headphone ZC Switch => 0
V/audio_hw_primary( 5539): Parsing control AIF1DAC1 Volume => 96
V/audio_hw_primary( 5539): Parsing control AIF1 Boost Volume => 0
V/audio_hw_primary( 5539): Parsing control DAC1 Volume => 96
V/audio_hw_primary( 5539): Parsing control Left Output Mixer DAC Volume => 7
V/audio_hw_primary( 5539): Parsing control Right Output Mixer DAC Volume => 7
V/audio_hw_primary( 5539): Parsing control AIF1DAC1 EQ Switch => 1
V/audio_hw_primary( 5539): Parsing control AIF1DAC1 EQ1 Volume => 16
V/audio_hw_primary( 5539): Parsing control AIF1DAC1 EQ2 Volume => 14
V/audio_hw_primary( 5539): Parsing control AIF1DAC1 EQ3 Volume => 12
V/audio_hw_primary( 5539): Parsing control AIF1DAC1 EQ4 Volume => 14
V/audio_hw_primary( 5539): Parsing control AIF1DAC1 EQ5 Volume => 16
V/audio_hw_primary( 5539): 14 element on sequence
V/audio_hw_primary( 5539): Parsing control HP Switch => 0
V/audio_hw_primary( 5539): Parsing control AIF1DAC1 EQ Switch => 0
V/audio_hw_primary( 5539): 2 element off sequence
V/audio_hw_primary( 5539): Set 'HP Switch'.0 to 0
V/audio_hw_primary( 5539): Set 'AIF1DAC1 EQ Switch'.0 to 0
I/audio_hw_primary( 5539): Allocating device sco-out
V/audio_hw_primary( 5539): Parsing control AIF3ADC Mux => 1
V/audio_hw_primary( 5539): Parsing control AIF2DAC2L Mixer AIF1.1 Switch => 1
V/audio_hw_primary( 5539): Parsing control AIF2DAC2R Mixer AIF1.1 Switch => 1
V/audio_hw_primary( 5539): Parsing control AIF2DAC Volume => 96
V/audio_hw_primary( 5539): Parsing control DAC2 Volume => 96
V/audio_hw_primary( 5539): Parsing control AIF2ADC Volume => 96
V/audio_hw_primary( 5539): Parsing control Speaker Mixer Volume => 1
V/audio_hw_primary( 5539): 7 element on sequence
V/audio_hw_primary( 5539): Parsing control AIF2DAC2L Mixer AIF1.1 Switch => 0
V/audio_hw_primary( 5539): Parsing control AIF2DAC2R Mixer AIF1.1 Switch => 0
V/audio_hw_primary( 5539): 2 element off sequence
V/audio_hw_primary( 5539): Set 'AIF2DAC2L Mixer AIF1.1 Switch'.0 to 0
V/audio_hw_primary( 5539): Set 'AIF2DAC2R Mixer AIF1.1 Switch'.0 to 0
I/audio_hw_primary( 5539): Allocating device analogue-dock
V/audio_hw_primary( 5539): Parsing control LINEOUT2N Switch => 1
V/audio_hw_primary( 5539): Parsing control LINEOUT2P Switch => 1
V/audio_hw_primary( 5539): Parsing control LINEOUT2N Mixer Left Output Switch => 1
V/audio_hw_primary( 5539): Parsing control LINEOUT2N Mixer Right Output Switch => 0
V/audio_hw_primary( 5539): Parsing control LINEOUT2P Mixer Right Output Switch => 1
V/audio_hw_primary( 5539): Parsing control LINE Switch => 1
V/audio_hw_primary( 5539): Parsing control LineoutSwitch Mode => 1
V/audio_hw_primary( 5539): Parsing control Left Output Mixer DAC Volume => 7
V/audio_hw_primary( 5539): Parsing control Right Output Mixer DAC Volume => 7
V/audio_hw_primary( 5539): 9 element on sequence
V/audio_hw_primary( 5539): Parsing control LineoutSwitch Mode => 0
V/audio_hw_primary( 5539): Parsing control LINEOUT2N Switch => 0
V/audio_hw_primary( 5539): Parsing control LINEOUT2P Switch => 0
V/audio_hw_primary( 5539): Parsing control LINE Switch => 0
V/audio_hw_primary( 5539): 4 element off sequence
V/audio_hw_primary( 5539): Set 'LineoutSwitch Mode'.0 to 0
V/audio_hw_primary( 5539): Set 'LINEOUT2N Switch'.0 to 0
V/audio_hw_primary( 5539): Set 'LINEOUT2P Switch'.0 to 0
V/audio_hw_primary( 5539): Set 'LINE Switch'.0 to 0
I/audio_hw_primary( 5539): Allocating device digital-dock
V/audio_hw_primary( 5539): Parsing control LINEOUT2N Switch => 1
V/audio_hw_primary( 5539): Parsing control LINEOUT2P Switch => 1
V/audio_hw_primary( 5539): Parsing control LINEOUT2N Mixer Left Output Switch => 1
V/audio_hw_primary( 5539): Parsing control LINEOUT2N Mixer Right Output Switch => 0
V/audio_hw_primary( 5539): Parsing control LINEOUT2P Mixer Right Output Switch => 1
V/audio_hw_primary( 5539): Parsing control LINE Switch => 1
V/audio_hw_primary( 5539): Parsing control LineoutSwitch Mode => 1
V/audio_hw_primary( 5539): Parsing control Left Output Mixer DAC Volume => 7
V/audio_hw_primary( 5539): Parsing control Right Output Mixer DAC Volume => 7
V/audio_hw_primary( 5539): 9 element on sequence
V/audio_hw_primary( 5539): Parsing control LineoutSwitch Mode => 0
V/audio_hw_primary( 5539): Parsing control LINEOUT2N Switch => 0
V/audio_hw_primary( 5539): Parsing control LINEOUT2P Switch => 0
V/audio_hw_primary( 5539): Parsing control LINE Switch => 0
V/audio_hw_primary( 5539): 4 element off sequence
V/audio_hw_primary( 5539): Set 'LineoutSwitch Mode'.0 to 0
V/audio_hw_primary( 5539): Set 'LINEOUT2N Switch'.0 to 0
V/audio_hw_primary( 5539): Set 'LINEOUT2P Switch'.0 to 0
V/audio_hw_primary( 5539): Set 'LINE Switch'.0 to 0
I/audio_hw_primary( 5539): Allocating device aux-digital
V/audio_hw_primary( 5539): Parsing control LINEOUT1N Switch => 1
V/audio_hw_primary( 5539): Parsing control LINEOUT1P Switch => 1
V/audio_hw_primary( 5539): Parsing control HDMI Switch => 1
V/audio_hw_primary( 5539): 3 element on sequence
V/audio_hw_primary( 5539): Parsing control LINEOUT1N Switch => 0
V/audio_hw_primary( 5539): Parsing control LINEOUT1P Switch => 0
V/audio_hw_primary( 5539): Parsing control HDMI Switch => 0
V/audio_hw_primary( 5539): 3 element off sequence
V/audio_hw_primary( 5539): Set 'LINEOUT1N Switch'.0 to 0
V/audio_hw_primary( 5539): Set 'LINEOUT1P Switch'.0 to 0
V/audio_hw_primary( 5539): Set 'HDMI Switch'.0 to 0
I/audio_hw_primary( 5539): Allocating device builtin-mic
V/audio_hw_primary( 5539): Parsing control Main Mic Switch => 1
V/audio_hw_primary( 5539): Parsing control IN1L Volume => 28
V/audio_hw_primary( 5539): Parsing control MIXINL IN1L Switch => 1
V/audio_hw_primary( 5539): Parsing control MIXINL IN1L Volume => 1
V/audio_hw_primary( 5539): Parsing control AIF1ADCL Source => 0
V/audio_hw_primary( 5539): Parsing control AIF1ADC1 HPF Mode => 0
V/audio_hw_primary( 5539): Parsing control AIF1ADC1 HPF Switch => 1
V/audio_hw_primary( 5539): Parsing control AIF1ADC1 Volume => 96
V/audio_hw_primary( 5539): 8 element on sequence
V/audio_hw_primary( 5539): Parsing control Main Mic Switch => 0
V/audio_hw_primary( 5539): Parsing control MIXINL IN1L Switch => 0
V/audio_hw_primary( 5539): Parsing control MIXINL IN1L Volume => 0
V/audio_hw_primary( 5539): Parsing control IN1L Volume => 10
V/audio_hw_primary( 5539): 4 element off sequence
V/audio_hw_primary( 5539): Set 'Main Mic Switch'.0 to 0
V/audio_hw_primary( 5539): Set 'MIXINL IN1L Switch'.0 to 0
V/audio_hw_primary( 5539): Set 'MIXINL IN1L Volume'.0 to 0
V/audio_hw_primary( 5539): Set 'IN1L Volume'.0 to 10
I/audio_hw_primary( 5539): Allocating device back-mic
V/audio_hw_primary( 5539): Parsing control Sub Mic Switch => 1
V/audio_hw_primary( 5539): Parsing control IN1R Volume => 28
V/audio_hw_primary( 5539): Parsing control MIXINR IN1R Switch => 1
V/audio_hw_primary( 5539): Parsing control MIXINR IN1R Volume => 1
V/audio_hw_primary( 5539): Parsing control AIF1ADCR Source => 1
V/audio_hw_primary( 5539): Parsing control AIF1ADC1 HPF Mode => 1
V/audio_hw_primary( 5539): Parsing control AIF1ADC1 HPF Switch => 1
V/audio_hw_primary( 5539): Parsing control AIF1ADC1 Volume => 96
V/audio_hw_primary( 5539): 8 element on sequence
V/audio_hw_primary( 5539): Parsing control Sub Mic Switch => 0
V/audio_hw_primary( 5539): Parsing control MIXINR IN1R Switch => 0
V/audio_hw_primary( 5539): Parsing control IN1R Volume => 10
V/audio_hw_primary( 5539): 3 element off sequence
V/audio_hw_primary( 5539): Set 'Sub Mic Switch'.0 to 0
V/audio_hw_primary( 5539): Set 'MIXINR IN1R Switch'.0 to 0
V/audio_hw_primary( 5539): Set 'IN1R Volume'.0 to 10
I/audio_hw_primary( 5539): Allocating device headset-in
V/audio_hw_primary( 5539): Parsing control MIXINL IN1L Switch => 0
V/audio_hw_primary( 5539): Parsing control Headset Mic Switch => 1
V/audio_hw_primary( 5539): Parsing control IN2L Volume => 22
V/audio_hw_primary( 5539): Parsing control MIXINL IN2L Switch => 1
V/audio_hw_primary( 5539): Parsing control MIXINL IN2L Volume => 1
V/audio_hw_primary( 5539): Parsing control AIF1ADC1 HPF Mode => 1
V/audio_hw_primary( 5539): Parsing control AIF1ADC1 HPF Switch => 1
V/audio_hw_primary( 5539): Parsing control AIF1ADC1 Volume => 96
V/audio_hw_primary( 5539): Parsing control AIF1ADCL Source => 0
V/audio_hw_primary( 5539): Parsing control AIF1ADCR Source => 0
V/audio_hw_primary( 5539): 10 element on sequence
V/audio_hw_primary( 5539): Parsing control Headset Mic Switch => 0
V/audio_hw_primary( 5539): Parsing control IN2L Volume => 10
V/audio_hw_primary( 5539): Parsing control MIXINL IN2L Switch => 0
V/audio_hw_primary( 5539): Parsing control MIXINL IN2L Volume => 1
V/audio_hw_primary( 5539): Parsing control AIF1ADC1 HPF Mode => 0
V/audio_hw_primary( 5539): Parsing control AIF1ADC1 HPF Switch => 0
V/audio_hw_primary( 5539): Parsing control AIF1ADC1 Volume => 96
V/audio_hw_primary( 5539): 7 element off sequence
V/audio_hw_primary( 5539): Set 'Headset Mic Switch'.0 to 0
V/audio_hw_primary( 5539): Set 'IN2L Volume'.0 to 10
V/audio_hw_primary( 5539): Set 'MIXINL IN2L Switch'.0 to 0
V/audio_hw_primary( 5539): Set 'MIXINL IN2L Volume'.0 to 1
V/audio_hw_primary( 5539): Set 'AIF1ADC1 HPF Mode'.0 to 0
V/audio_hw_primary( 5539): Set 'AIF1ADC1 HPF Switch'.0 to 0
V/audio_hw_primary( 5539): Set 'AIF1ADC1 HPF Switch'.1 to 0
V/audio_hw_primary( 5539): Set 'AIF1ADC1 Volume'.0 to 96
V/audio_hw_primary( 5539): Set 'AIF1ADC1 Volume'.1 to 96
I/audio_hw_primary( 5539): Allocating device sco-in
V/audio_hw_primary( 5539): Parsing control AIF2ADC Mux => 1
V/audio_hw_primary( 5539): Parsing control AIF1ADC1R Mixer AIF2 Switch => 1
V/audio_hw_primary( 5539): Parsing control AIF1ADC1L Mixer AIF2 Switch => 1
V/audio_hw_primary( 5539): Parsing control AIF1ADC1 Volume => 96
V/audio_hw_primary( 5539): Parsing control AIF2DAC Volume => 96
V/audio_hw_primary( 5539): 5 element on sequence
V/audio_hw_primary( 5539): Parsing control AIF2ADC Mux => 0
V/audio_hw_primary( 5539): Parsing control AIF1ADC1R Mixer AIF2 Switch => 0
V/audio_hw_primary( 5539): Parsing control AIF1ADC1L Mixer AIF2 Switch => 0
V/audio_hw_primary( 5539): Parsing control AIF1ADC1 Volume => 96
V/audio_hw_primary( 5539): Parsing control AIF2DAC Volume => 96
V/audio_hw_primary( 5539): 5 element off sequence
V/audio_hw_primary( 5539): Set 'AIF2ADC Mux'.0 to 0
V/audio_hw_primary( 5539): Set 'AIF1ADC1R Mixer AIF2 Switch'.0 to 0
V/audio_hw_primary( 5539): Set 'AIF1ADC1L Mixer AIF2 Switch'.0 to 0
V/audio_hw_primary( 5539): Set 'AIF1ADC1 Volume'.0 to 96
V/audio_hw_primary( 5539): Set 'AIF1ADC1 Volume'.1 to 96
V/audio_hw_primary( 5539): Set 'AIF2DAC Volume'.0 to 96
V/audio_hw_primary( 5539): Set 'AIF2DAC Volume'.1 to 96
V/audio_hw_primary( 5539): Parsing control DAC1L Mixer AIF1.1 Switch => 1
V/audio_hw_primary( 5539): Parsing control DAC1L Mixer AIF1.1 Switch => 1
V/audio_hw_primary( 5539): Applying 2 element default route
V/audio_hw_primary( 5539): Set 'DAC1L Mixer AIF1.1 Switch'.0 to 1
V/audio_hw_primary( 5539): Set 'DAC1L Mixer AIF1.1 Switch'.0 to 1
V/audio_hw_primary( 5539): Parsing control MIXINL Output Record Volume => 0
V/audio_hw_primary( 5539): Parsing control MIXINR Output Record Volume => 0
V/audio_hw_primary( 5539): Applying 2 element default route
V/audio_hw_primary( 5539): Set 'MIXINL Output Record Volume'.0 to 0
V/audio_hw_primary( 5539): Set 'MIXINR Output Record Volume'.0 to 0
V/audio_hw_primary( 5539): Changing output device 0 => 2
V/audio_hw_primary( 5539): Changing input device 0 => 0
V/audio_hw_primary( 5539): Set 'SPK Switch'.0 to 1
V/audio_hw_primary( 5539): Set 'AIF1DAC1 Volume'.0 to 96
V/audio_hw_primary( 5539): Set 'AIF1DAC1 Volume'.1 to 96
V/audio_hw_primary( 5539): Set 'AIF1 Boost Volume'.0 to 0
V/audio_hw_primary( 5539): Set 'DAC1 Volume'.0 to 96
V/audio_hw_primary( 5539): Set 'DAC1 Volume'.1 to 96
V/audio_hw_primary( 5539): Set 'Left Output Mixer DAC Volume'.0 to 7
V/audio_hw_primary( 5539): Set 'Right Output Mixer DAC Volume'.0 to 7
V/audio_hw_primary( 5539): Set 'SPKL DAC1 Volume'.0 to 1
V/audio_hw_primary( 5539): Set 'SPKR DAC1 Volume'.0 to 1
V/audio_hw_primary( 5539): Set 'Speaker Mixer Volume'.0 to 3
V/audio_hw_primary( 5539): Set 'Speaker Mixer Volume'.1 to 3
V/audio_hw_primary( 5539): Set 'Speaker Boost Volume'.0 to 6
V/audio_hw_primary( 5539): Set 'Speaker Boost Volume'.1 to 6
V/audio_hw_primary( 5539): Set 'Speaker Volume'.0 to 57
V/audio_hw_primary( 5539): Set 'Speaker Volume'.1 to 57
V/audio_hw_primary( 5539): Set 'AIF1DAC1 EQ Switch'.0 to 1
V/audio_hw_primary( 5539): Set 'AIF1DAC1 EQ1 Volume'.0 to 9
V/audio_hw_primary( 5539): Set 'AIF1DAC1 EQ2 Volume'.0 to 7
V/audio_hw_primary( 5539): Set 'AIF1DAC1 EQ3 Volume'.0 to 10
V/audio_hw_primary( 5539): Set 'AIF1DAC1 EQ4 Volume'.0 to 13
V/audio_hw_primary( 5539): Set 'AIF1DAC1 EQ5 Volume'.0 to 12
I/AudioFlinger( 5539): loadHwModule() Loaded primary audio interface from M0 audio HW HAL (audio) handle 1
I/AudioFlinger( 5539): HAL output buffer size 1056 frames, normal mix buffer size 1056 frames
I/AudioMixer( 5539): found effect "Multichannel Downmix To Stereo" from The Android Open Source Project
I/AudioFlinger( 5539): Using module 1 has the primary audio interface
D/dalvikvm( 5536): Note: class Landroid/app/ActivityManagerNative; has 180 unimplemented (abstract) methods
D/AudioPolicyManagerBase( 5539): setOutputDevice() changing device from (2) to (2)         force (1) delayMs (0) on Output (2)
I/AudioFlinger( 5539): AudioFlinger's thread 0x40b65008 ready to run
W/AudioFlinger( 5539): Thread AudioOut_2 cannot connect to the power manager service
W/AudioFlinger( 5539): Thread AudioOut_2 cannot connect to the power manager service
W/AudioFlinger( 5539): Thread AudioOut_2 cannot connect to the power manager service
E/AudioFlinger( 5539): no wake lock to update!
I/audio_a2dp_hw( 5539): adev_open:  adev_open in A2dp_hw module
I/AudioFlinger( 5539): loadHwModule() Loaded a2dp audio interface from A2DP Audio HW HAL (audio) handle 4
I/AudioFlinger( 5539): loadHwModule() Loaded usb audio interface from USB audio HW HAL (audio) handle 5
I/r_submix( 5539): adev_open(name=audio_hw_if)
I/r_submix( 5539): adev_init_check()
I/AudioFlinger( 5539): loadHwModule() Loaded r_submix audio interface from Wifi Display audio HAL (audio) handle 6
I/AudioPolicyService( 5539): Loaded audio policy from LEGACY Audio Policy HAL (audio_policy)
I/ServiceManager( 1894): service 'UBCService' died
E/memtrack( 5536): Couldn't load memtrack module (No such file or directory)
E/android.os.Debug( 5536): failed to load memtrack module: -2
I/SamplingProfilerIntegration( 5536): Profiling disabled.
I/Zygote  ( 5536): Preloading classes...
D/idmap   ( 5650): error: no read access to /vendor/overlay: No such file or directory
E/cutils-trace( 5536): Error opening trace file: No such file or directory (2)
D/TextLayoutCache( 5536): Using debug level = 0 - Debug Enabled = 0
I/dalvikvm( 5536): threadid=1: recursive native library load attempt (/system/lib/libmedia_jni.so)
D/MtpDeviceJNI( 5536): register_android_mtp_MtpDevice
I/dalvikvm( 5536): threadid=1: recursive native library load attempt (/system/lib/libmedia_jni.so)
I/dalvikvm( 5536): threadid=1: recursive native library load attempt (/system/lib/libmedia_jni.so)
I/dalvikvm( 5536): threadid=1: recursive native library load attempt (/system/lib/libmedia_jni.so)
I/LibraryLoader( 5536): Loading: webviewchromium
V/NatController( 5537): runCmd(/system/bin/iptables -F natctrl_FORWARD) res=0
V/NatController( 5537): runCmd(/system/bin/iptables -A natctrl_FORWARD -j DROP) res=0
V/NatController( 5537): runCmd(/system/bin/iptables -t nat -F natctrl_nat_POSTROUTING) res=0
V/NatController( 5537): runCmd(/system/bin/ip route flush cache) res=0
V/NatController( 5537): runCmd(/system/bin/iptables -F natctrl_tether_counters) res=0
V/NatController( 5537): runCmd(/system/bin/iptables -X natctrl_tether_counters) res=0
V/NatController( 5537): runCmd(/system/bin/iptables -N natctrl_tether_counters) res=0
I/LibraryLoader( 5536): Time to load native libraries: 97 ms (timestamps 873-970)
I/LibraryLoader( 5536): Expected native library version number "",actual native library version number ""
W/Zygote  ( 5536): Class not found for preloading: java.lang.UnsafeByteSequence
I/wpa_supplicant( 4699): CTRL_IFACE monitor[0]: 111 - Connection refused
I/wpa_supplicant( 4699): CTRL_IFACE monitor[0]: 111 - Connection refused
I/wpa_supplicant( 4699): CTRL_IFACE monitor[0]: 111 - Connection refused
I/wpa_supplicant( 4699): CTRL_IFACE monitor[0]: 111 - Connection refused
I/wpa_supplicant( 4699): CTRL_IFACE monitor[0]: 111 - Connection refused
I/wpa_supplicant( 4699): CTRL_IFACE monitor[0]: 111 - Connection refused
I/wpa_supplicant( 4699): CTRL_IFACE monitor[0]: 111 - Connection refused
I/System  ( 5536): Loaded time zone names for "" in 65ms (61ms in ICU)
I/System  ( 5536): Loaded time zone names for "en_US" in 40ms (35ms in ICU)
I/System  ( 5536): Loaded time zone names for "zh_CN" in 45ms (41ms in ICU)
I/Zygote  ( 5536): ...preloaded 2777 classes in 1473ms.
D/MDnsDS  ( 5537): MDnsSdListener::Hander starting up
D/MDnsDS  ( 5537): MDnsSdListener starting to monitor
D/MDnsDS  ( 5537): Going to poll with pollCount 1
I/dalvikvm( 5536): System server process 5789 has been created
I/Zygote  ( 5536): Accepting command socket connections
D/SensorService( 5789): nuSensorService starting...
I/SystemServer( 5789): Entered the Android system server!
I/Sensors ( 5789): getName:light_sensor name = CM36651.
I/Sensors ( 5789): getName:proximity_sensor name = CM36651.
D/AkmSensor( 5789): akm_init: is called
I/AkmSensor( 5789): open_accelerometer
E/AkmSensor( 5789): ReadAK8975FUSEROM: asa(dec)=163,163,173
D/AkmSensor( 5789): thread_main: is called
I/iNemoSensor( 5789): opened the gyro input event node
D/iNemoSensor( 5789): Found gyro_sensor at /dev/input/event4
I/iNemoSensor( 5789): Found enable path : /sys/class/input/event4/device/enable, poll_delay path : /sys/class/input/event4/device/poll_delay
D/Sensors ( 5789): SensorBase:'compass_sensor' input event : /dev/input/event10
I/iNemoSensor( 5789): iNemoSensor, 176, opened the compass input event node, cnt = 3, data_fd = 46
D/AkmSensor( 5789): akm_disable_sensor: Orientation is disabled. (accel = 0)
I/AkmSensor( 5789): enable_accelerometer, mEnabled = 0, enable = 0
I/iNemoEngineAPI( 5789): Lib version: v1.02.androidheadway.opt3 (25)
I/Sensors ( 5789): getName:barometer_sensor name = LPS331.
I/Sensors ( 5789): PressTempSensor::PressTempSensor prs device_sysfs_path:(/sys/class/input/event7/device/)
D/Sensors ( 5789): PressTempSensor:File /sys/class/input/event7/device/compensation_param Opened Successfully !!
D/Sensors ( 5789): PressTempSensor:Acquired Pressure Compansation Values: TSL = 0x00000000, TSH = 0x00000001, TCV1 = 0x00000364, TCV2 = 0x00000321, TCV3 = 0x00000321, TCS1 = 0x000001bb, TCS2 = 0x000001b5, TCS3 = 0x000001b5, DGAIN = 0x0000d66a, deltaT1 = 0x00000003, deltaT2 = 0x00000000, deltaT3 = 0x00000000, testSetup = 0x00000000
I/Sensors ( 5789): PressTempSensor::PressTempSensor press_device_sysfs_path:(/sys/class/input/event7/device/compensation_param)
D/Sensors ( 5789): PressTempSensor::enable: handle: 9, enable: 0
D/Sensors ( 5789): PressTempSensor: mEnabled 0, enabled: 0
D/Sensors ( 5789): PressTempSensor::enable: handle: 10, enable: 0
D/Sensors ( 5789): PressTempSensor: mEnabled 0, enabled: 0
I/iNemoSensor( 5789): enable(): handle(0), en(0), what(0)
D/iNemoSensor( 5789): enable(): MASK_ACC (0) MASK_MAG (0) MASK_GYR (0)
D/iNemoSensor( 5789): enable(): mEnAcc(0) mEnMag(0) mEnGyr(0)
I/iNemoSensor( 5789): enable(): handle(1), en(0), what(2)
D/iNemoSensor( 5789): enable(): MASK_ACC (0) MASK_MAG (0) MASK_GYR (0)
D/iNemoSensor( 5789): enable(): mEnAcc(0) mEnMag(0) mEnGyr(0)
I/iNemoSensor( 5789): enable(): handle(2), en(0), what(3)
D/iNemoSensor( 5789): enable(): MASK_ACC (0) MASK_MAG (0) MASK_GYR (0)
D/iNemoSensor( 5789): enable(): mEnAcc(0) mEnMag(0) mEnGyr(0)
I/iNemoSensor( 5789): enable(): handle(5), en(0), what(1)
