--------- beginning of /dev/log/system
I/ActivityManager( 4146): Waited long enough for: ServiceRecord{42121e28 u0 com.android.providers.media/.MediaScannerService}
I/ActivityManager( 4146): Resuming delayed broadcast
--------- beginning of /dev/log/main
V/Zygote  ( 5398): Switching descriptor 33 to /dev/null
V/Zygote  ( 5398): Switching descriptor 10 to /dev/null
I/ActivityManager( 4146): Start proc com.baidu.BaiduMap:bdservice_v1 for broadcast com.baidu.BaiduMap/com.baidu.android.pushservice.PushServiceReceiver: pid=5398 uid=10027 gids={50027, 1028, 1015, 1006, 3003, 3002, 3001}
D/ActivityThread( 5398): handleBindApplication:com.baidu.BaiduMap:bdservice_v1
D/ActivityThread( 5398): setTargetHeapUtilization:0.75
D/ActivityThread( 5398): setTargetHeapMinFree:2097152
I/PowerManagerService( 4146): Waking up from sleep...
V/KeyguardServiceDelegate( 4146): onScreenTurnedOn(showListener = com.android.internal.policy.impl.PhoneWindowManager$17@41cc6818)
D/lights  ( 4146): set_light_buttons: 1
V/LightsService( 4146): setBrightnessBaidu, button light off: false, button brightness: 255
I/ActivityManager( 4146): Waited long enough for: ServiceRecord{42157ab8 u0 com.baiyi_mobile.lightapp/com.baidu.android.pushservice.PushService}
I/ActivityManager( 4146): Waited long enough for: ServiceRecord{42109398 u0 com.baidu.BaiduMap/com.baidu.location.f}
D/PowerManagerService-JNI( 4146): Excessive delay in autosuspend_disable() while turning screen on: 295ms
D/SurfaceFlinger( 1904): Screen acquired, type=0 flinger=0x408cc450
I/SpaceLockScreen( 4319): onResume,mContext=com.android.keyguard.KeyguardService@41c76628mEnable3dLayer:true
I/iNemoSensor( 4146): enable(): handle(6), en(1), what(4)
D/AkmSensor( 4146): akm_enable_sensor: Accel is enabled. (orien = 0)
I/AkmSensor( 4146): enable_accelerometer, mEnabled = 0, enable = 1
I/iNemoSensor( 4146): enable:373 gyro_dps = 0 .
D/iNemoSensor( 4146): enableDev() : path(/sys/class/input/event4/device/enable), val(1)
D/iNemoSensor( 4146): enable(): MASK_ACC (1) MASK_MAG (4) MASK_GYR (2)
D/iNemoSensor( 4146): enable(): mEnAcc(1) mEnMag(1) mEnGyr(1)
I/iNemoSensor( 4146): iNemoSensor::skip update_delay wanted_gyro = -1 current delay = -1
I/iNemoSensor( 4146): skip update_delay wanted_accel = -1 current delay = -1
D/iNemoSensor( 4146): setDelay(): handle(6), en(20000000)
I/iNemoSensor( 4146): iNemoSensor::update_delay wanted_gyro = 20000000
I/iNemoSensor( 4146): update_delay wanted_accel = 20000000
D/iNemoSensor( 4146): setDelay(): handle(6), en(20000000)
I/iNemoSensor( 4146): iNemoSensor::skip update_delay wanted_gyro = 20000000 current delay = 20000000
I/iNemoSensor( 4146): skip update_delay wanted_accel = 20000000 current delay = 20000000
I/VolumePanel( 4146): changeOverlayStyle : 1
D/SpaceLockScreen( 4319): miss msg count:0
I/VolumePanel( 4146): changeOverlayStyle : 1
D/SpaceLockScreen( 4319): miss call count:0
I/VolumePanel( 4146): changeOverlayStyle : 1
I/VolumePanel( 4146): changeOverlayStyle : 1
V/KeyguardServiceDelegate( 4146): **** SHOWN CALLED ****
I/WindowManager( 4146): Lock screen displayed!
D/DisplayPowerController( 4146): Unblocked screen on after 245062 ms
D/TextureHelper( 4319): begin decode textures
D/TextureHelper( 4319): decode texture 0
I/PushServiceReceiver( 5398): start PushSerevice for ACTION_BOOT_COMPLETED or CONNECTIVITY_ACTION
I/TargetHandlePanel( 4319): level:58,plugged:2
W/ContextImpl( 4449): Implicit intents with startService are not safe: Intent { act=com.baidu.ubc.collector.system.ACTION.HANDLE_EVENT (has extras) } android.content.ContextWrapper.startService:494 com.baidu.ubc.sysmetric.runningduration.ScreenChangedReceiver.onReceive:-1 android.app.LoadedApk$ReceiverDispatcher$Args.run:766 
W/ContextImpl( 4449): Calling a method in the system process without a qualified user: android.app.ContextImpl.startService:1543 android.content.ContextWrapper.startService:494 com.baidu.ubc.sysmetric.runningduration.ScreenChangedReceiver.onReceive:-1 android.app.LoadedApk$ReceiverDispatcher$Args.run:766 android.os.Handler.handleCallback:733 
W/Settings( 4563): Setting mobile_data has moved from android.provider.Settings.Secure to android.provider.Settings.Global, returning global URI.
E/WifiNative-wlan0( 4146): doBoolean: disable
D/SmartPowerService( 4146): receive broadcast! action = android.intent.action.SCREEN_ON
D/TextureHelper( 4319): wait update texture 0
D/TextureHelper( 4319): finish update texture 0
D/TextureHelper( 4319): decode texture 1
D/TextureHelper( 4319): wait update texture 1
D/TextureHelper( 4319): finish update texture 1
D/TextureHelper( 4319): decode texture 2
D/TextureHelper( 4319): wait update texture 2
D/TextureHelper( 4319): finish update texture 2
D/TextureHelper( 4319): decode texture 3
D/TextureHelper( 4319): wait update texture 3
W/System.err( 4563): java.net.UnknownHostException: Unable to resolve host "m.baidu.com": No address associated with hostname
W/System.err( 4563): 	at java.net.InetAddress.lookupHostByName(InetAddress.java:424)
W/System.err( 4563): 	at java.net.InetAddress.getAllByNameImpl(InetAddress.java:236)
W/System.err( 4563): 	at java.net.InetAddress.getAllByName(InetAddress.java:214)
W/System.err( 4563): 	at org.apache.http.impl.conn.DefaultClientConnectionOperator.openConnection(DefaultClientConnectionOperator.java:137)
W/System.err( 4563): 	at org.apache.http.impl.conn.AbstractPoolEntry.open(AbstractPoolEntry.java:164)
W/System.err( 4563): 	at org.apache.http.impl.conn.AbstractPooledConnAdapter.open(AbstractPooledConnAdapter.java:119)
W/System.err( 4563): 	at org.apache.http.impl.client.DefaultRequestDirector.execute(DefaultRequestDirector.java:360)
W/System.err( 4563): 	at org.apache.http.impl.client.AbstractHttpClient.execute(AbstractHttpClient.java:555)
W/System.err( 4563): 	at org.apache.http.impl.client.AbstractHttpClient.execute(AbstractHttpClient.java:487)
W/System.err( 4563): 	at org.apache.http.impl.client.AbstractHttpClient.execute(AbstractHttpClient.java:465)
W/System.err( 4563): 	at com.baidu.appsearch.d.ai.run(Unknown Source)
W/System.err( 4563): 	at java.util.concurrent.ThreadPoolExecutor.runWorker(ThreadPoolExecutor.java:1112)
W/System.err( 4563): 	at java.util.concurrent.ThreadPoolExecutor$Worker.run(ThreadPoolExecutor.java:587)
W/System.err( 4563): 	at java.lang.Thread.run(Thread.java:841)
W/System.err( 4563): Caused by: libcore.io.GaiException: getaddrinfo failed: EAI_NODATA (No address associated with hostname)
W/System.err( 4563): 	at libcore.io.Posix.getaddrinfo(Native Method)
W/System.err( 4563): 	at libcore.io.ForwardingOs.getaddrinfo(ForwardingOs.java:61)
W/System.err( 4563): 	at java.net.InetAddress.lookupHostByName(InetAddress.java:405)
W/System.err( 4563): 	... 13 more
I/Process ( 5398): Sending signal. PID: 5398 SIG: 9
D/TextureHelper( 4319): finish update texture 3
I/ActivityManager( 4146): Process com.baidu.BaiduMap:bdservice_v1 (pid 5398) has died.
E/FPS     ( 4319): FPS:10.489511
I/VolumePanel( 4146): changeOverlayStyle : 1
W/ContextImpl( 4700): Implicit intents with startService are not safe: Intent { act=com.baidu.appupdate.ACTION_CHECK_UPDATES (has extras) } android.content.ContextWrapper.startService:494 android.content.ContextWrapper.startService:494 com.baidu.appupdate.receiver.UpdateServiceReceiver.onReceive:-1 
W/ContextImpl( 4449): Calling a method in the system process without a qualified user: android.app.ContextImpl.startService:1543 android.content.ContextWrapper.startService:494 android.content.ContextWrapper.startService:494 com.baidu.register.RegisterReceiver.onReceive:-1 android.app.ActivityThread.handleReceiver:2445 
W/ContextImpl( 4449): Calling a method in the system process without a qualified user: android.app.ContextImpl.startService:1543 android.content.ContextWrapper.startService:494 android.content.ContextWrapper.startService:494 com.baidu.register.RegisterReceiver.onReceive:-1 android.app.ActivityThread.handleReceiver:2445 
W/ContextImpl( 4449): Implicit intents with startService are not safe: Intent { act=com.baidu.yi.ubc.ACTION_START_SERVICE } android.content.ContextWrapper.startService:494 android.content.ContextWrapper.startService:494 com.baidu.ubc.server.UBCReceiver.onReceive:-1 
W/ContextImpl( 4449): Calling a method in the system process without a qualified user: android.app.ContextImpl.startService:1543 android.content.ContextWrapper.startService:494 android.content.ContextWrapper.startService:494 com.baidu.ubc.server.UBCReceiver.onReceive:-1 android.app.ActivityThread.handleReceiver:2445 
W/ContextImpl( 4449): Calling a method in the system process without a qualified user: android.app.ContextImpl.startService:1543 android.content.ContextWrapper.startService:494 android.content.ContextWrapper.startService:494 com.baidu.ubc.sysmetric.SysMetricCollectorReceiver.c:-1 com.baidu.ubc.sysmetric.SysMetricCollectorReceiver.onReceive:-1 
W/ContextImpl( 4449): Implicit intents with startService are not safe: Intent { act=com.baidu.ubc.collector.system.ACTION.HANDLE_EVENT (has extras) } android.content.ContextWrapper.startService:494 android.content.ContextWrapper.startService:494 com.baidu.ubc.sysmetric.SysMetricCollectorReceiver.c:-1 
V/Zygote  ( 5458): Switching descriptor 33 to /dev/null
V/Zygote  ( 5458): Switching descriptor 10 to /dev/null
I/ActivityManager( 4146): Start proc com.baidu.thememanager.ui for broadcast com.baidu.thememanager.ui/com.baidu.thememanager.receiver.DownloadReceiver: pid=5458 uid=10037 gids={50037, 1028, 1015, 2001, 3003, 1004, 2002}
I/dalvikvm( 5458): Enabling JNI app bug workarounds for target SDK version 10...
E/FPS     ( 4319): FPS:31.496063
D/ActivityThread( 5458): handleBindApplication:com.baidu.thememanager.ui
D/ActivityThread( 5458): setTargetHeapUtilization:0.75
D/ActivityThread( 5458): setTargetHeapMinFree:2097152
I/BaiduTheme( 5458): StorageUtil: has external card ? true
I/BaiduTheme( 5458): StorageStatusMonitor: registerMonitor
W/Settings( 5458): Setting airplane_mode_on has moved from android.provider.Settings.System to android.provider.Settings.Global, returning read-only value.
D/DownloadReceiver( 5458): action:android.intent.action.BOOT_COMPLETED
V/Zygote  ( 5479): Switching descriptor 33 to /dev/null
V/Zygote  ( 5479): Switching descriptor 10 to /dev/null
I/ActivityManager( 4146): Start proc com.baidu.android.ota for broadcast com.baidu.android.ota/.receiver.ExternalReceiver: pid=5479 uid=10039 gids={50039, 2001, 3003, 1028, 1015}
D/ActivityThread( 5479): handleBindApplication:com.baidu.android.ota
D/ActivityThread( 5479): setTargetHeapUtilization:0.75
W/System.err( 5458): java.net.UnknownHostException: http:d//os.baidu.com/theme/getWhiteListFile
D/ActivityThread( 5479): setTargetHeapMinFree:2097152
W/System.err( 5458): 	at com.android.okhttp.internal.http.HttpEngine.connect(HttpEngine.java:279)
W/System.err( 5458): 	at com.android.okhttp.internal.http.HttpEngine.sendSocketRequest(HttpEngine.java:255)
W/System.err( 5458): 	at com.android.okhttp.internal.http.HttpEngine.sendRequest(HttpEngine.java:206)
W/System.err( 5458): 	at com.android.okhttp.internal.http.HttpURLConnectionImpl.execute(HttpURLConnectionImpl.java:345)
W/System.err( 5458): 	at com.android.okhttp.internal.http.HttpURLConnectionImpl.getResponse(HttpURLConnectionImpl.java:296)
W/System.err( 5458): 	at com.android.okhttp.internal.http.HttpURLConnectionImpl.getInputStream(HttpURLConnectionImpl.java:179)
W/System.err( 5458): 	at com.baidu.thememanager.ui.ComponentManager$1.doInBackground(ComponentManager.java:442)
W/System.err( 5458): 	at com.baidu.thememanager.ui.ComponentManager$1.doInBackground(ComponentManager.java:435)
W/System.err( 5458): 	at android.os.AsyncTask$2.call(AsyncTask.java:288)
W/System.err( 5458): 	at java.util.concurrent.FutureTask.run(FutureTask.java:237)
W/System.err( 5458): 	at java.util.concurrent.ThreadPoolExecutor.runWorker(ThreadPoolExecutor.java:1112)
W/System.err( 5458): 	at java.util.concurrent.ThreadPoolExecutor$Worker.run(ThreadPoolExecutor.java:587)
W/System.err( 5458): 	at java.lang.Thread.run(Thread.java:841)
W/System.err( 5458): java.lang.NullPointerException
W/System.err( 5458): 	at com.baidu.thememanager.ui.ComponentManager$1.doInBackground(ComponentManager.java:453)
W/System.err( 5458): 	at com.baidu.thememanager.ui.ComponentManager$1.doInBackground(ComponentManager.java:435)
W/System.err( 5458): 	at android.os.AsyncTask$2.call(AsyncTask.java:288)
W/System.err( 5458): 	at java.util.concurrent.FutureTask.run(FutureTask.java:237)
W/System.err( 5458): 	at java.util.concurrent.ThreadPoolExecutor.runWorker(ThreadPoolExecutor.java:1112)
W/System.err( 5458): 	at java.util.concurrent.ThreadPoolExecutor$Worker.run(ThreadPoolExecutor.java:587)
W/System.err( 5458): 	at java.lang.Thread.run(Thread.java:841)
W/System.err( 4563): java.net.UnknownHostException: Unable to resolve host "m.baidu.com": No address associated with hostname
W/System.err( 4563): 	at java.net.InetAddress.lookupHostByName(InetAddress.java:394)
W/System.err( 4563): 	at java.net.InetAddress.getAllByNameImpl(InetAddress.java:236)
W/System.err( 4563): 	at java.net.InetAddress.getAllByName(InetAddress.java:214)
W/System.err( 4563): 	at org.apache.http.impl.conn.DefaultClientConnectionOperator.openConnection(DefaultClientConnectionOperator.java:137)
W/System.err( 4563): 	at org.apache.http.impl.conn.AbstractPoolEntry.open(AbstractPoolEntry.java:164)
W/System.err( 4563): 	at org.apache.http.impl.conn.AbstractPooledConnAdapter.open(AbstractPooledConnAdapter.java:119)
W/System.err( 4563): 	at org.apache.http.impl.client.DefaultRequestDirector.execute(DefaultRequestDirector.java:360)
W/System.err( 4563): 	at org.apache.http.impl.client.AbstractHttpClient.execute(AbstractHttpClient.java:555)
W/System.err( 4563): 	at org.apache.http.impl.client.AbstractHttpClient.execute(AbstractHttpClient.java:487)
W/System.err( 4563): 	at org.apache.http.impl.client.AbstractHttpClient.execute(AbstractHttpClient.java:465)
W/System.err( 4563): 	at com.baidu.appsearch.d.ai.run(Unknown Source)
W/System.err( 4563): 	at java.util.concurrent.ThreadPoolExecutor.runWorker(ThreadPoolExecutor.java:1112)
W/System.err( 4563): 	at java.util.concurrent.ThreadPoolExecutor$Worker.run(ThreadPoolExecutor.java:587)
W/System.err( 4563): 	at java.lang.Thread.run(Thread.java:841)
E/FPS     ( 4319): FPS:30.76923
D/dalvikvm( 5479): DexOpt: --- BEGIN 'plugin-deploy.jar' (bootstrap=0) ---
D/AkmSensor( 4146): ST2 = 4, AKRET_DATA_READERROR is occured, same data will be used.
I/VolumePanel( 4146): changeOverlayStyle : 1
E/FPS     ( 4319): FPS:31.620554
I/TargetHandlePanel( 4319): mState=com.baidu.internal.keyguard.space.TargetView$StateTouch@41d1abc0
V/LightsService( 4146): setBrightnessBaidu, button light off: false, button brightness: 255
W/System.err( 4563): java.net.UnknownHostException: Unable to resolve host "m.baidu.com": No address associated with hostname
W/System.err( 4563): 	at java.net.InetAddress.lookupHostByName(InetAddress.java:424)
W/System.err( 4563): 	at java.net.InetAddress.getAllByNameImpl(InetAddress.java:236)
W/System.err( 4563): 	at java.net.InetAddress.getAllByName(InetAddress.java:214)
W/System.err( 4563): 	at org.apache.http.impl.conn.DefaultClientConnectionOperator.openConnection(DefaultClientConnectionOperator.java:137)
W/System.err( 4563): 	at org.apache.http.impl.conn.AbstractPoolEntry.open(AbstractPoolEntry.java:164)
W/System.err( 4563): 	at org.apache.http.impl.conn.AbstractPooledConnAdapter.open(AbstractPooledConnAdapter.java:119)
W/System.err( 4563): 	at org.apache.http.impl.client.DefaultRequestDirector.execute(DefaultRequestDirector.java:360)
W/System.err( 4563): 	at org.apache.http.impl.client.AbstractHttpClient.execute(AbstractHttpClient.java:555)
W/System.err( 4563): 	at org.apache.http.impl.client.AbstractHttpClient.execute(AbstractHttpClient.java:487)
W/System.err( 4563): 	at org.apache.http.impl.client.AbstractHttpClient.execute(AbstractHttpClient.java:465)
W/System.err( 4563): 	at com.baidu.appsearch.d.ai.run(Unknown Source)
W/System.err( 4563): 	at java.util.concurrent.ThreadPoolExecutor.runWorker(ThreadPoolExecutor.java:1112)
W/System.err( 4563): 	at java.util.concurrent.ThreadPoolExecutor$Worker.run(ThreadPoolExecutor.java:587)
W/System.err( 4563): 	at java.lang.Thread.run(Thread.java:841)
W/System.err( 4563): Caused by: libcore.io.GaiException: getaddrinfo failed: EAI_NODATA (No address associated with hostname)
W/System.err( 4563): 	at libcore.io.Posix.getaddrinfo(Native Method)
W/System.err( 4563): 	at libcore.io.ForwardingOs.getaddrinfo(ForwardingOs.java:61)
W/System.err( 4563): 	at java.net.InetAddress.lookupHostByName(InetAddress.java:405)
W/System.err( 4563): 	... 13 more
V/LightsService( 4146): setBrightnessBaidu, button light off: false, button brightness: 255
V/LightsService( 4146): setBrightnessBaidu, button light off: false, button brightness: 255
E/FPS     ( 4319): FPS:30.592733
V/LightsService( 4146): setBrightnessBaidu, button light off: false, button brightness: 255
V/LightsService( 4146): setBrightnessBaidu, button light off: false, button brightness: 255
V/LightsService( 4146): setBrightnessBaidu, button light off: false, button brightness: 255
V/LightsService( 4146): setBrightnessBaidu, button light off: false, button brightness: 255
V/LightsService( 4146): setBrightnessBaidu, button light off: false, button brightness: 255
V/LightsService( 4146): setBrightnessBaidu, button light off: false, button brightness: 255
V/LightsService( 4146): setBrightnessBaidu, button light off: false, button brightness: 255
I/TargetHandlePanel( 4319): mState=com.baidu.internal.keyguard.space.TargetView$StateMessageHover@41d1abd8
V/LightsService( 4146): setBrightnessBaidu, button light off: false, button brightness: 255
V/LightsService( 4146): setBrightnessBaidu, button light off: false, button brightness: 255
V/LightsService( 4146): setBrightnessBaidu, button light off: false, button brightness: 255
V/LightsService( 4146): setBrightnessBaidu, button light off: false, button brightness: 255
V/LightsService( 4146): setBrightnessBaidu, button light off: false, button brightness: 255
V/LightsService( 4146): setBrightnessBaidu, button light off: false, button brightness: 255
V/LightsService( 4146): setBrightnessBaidu, button light off: false, button brightness: 255
V/LightsService( 4146): setBrightnessBaidu, button light off: false, button brightness: 255
V/LightsService( 4146): setBrightnessBaidu, button light off: false, button brightness: 255
V/LightsService( 4146): setBrightnessBaidu, button light off: false, button brightness: 255
V/LightsService( 4146): setBrightnessBaidu, button light off: false, button brightness: 255
V/LightsService( 4146): setBrightnessBaidu, button light off: false, button brightness: 255
I/ActivityManager( 4146): START u0 {act=android.intent.action.MAIN typ=vnd.android-dir/mms-sms flg=0x34000000 cmp=com.android.contacts/com.android.mms.ui.ConversationList} from pid 4319
D/dalvikvm( 5494): DexOpt: load 89ms, verify+opt 629ms, 953764 bytes
D/dalvikvm( 5479): DexOpt: --- END 'plugin-deploy.jar' (success) ---
D/dalvikvm( 5479): DEX prep '/data/data/com.baidu.android.ota/app_push_lib/plugin-deploy.jar': unzip in 12ms, rewrite 1259ms
D/AkmSensor( 4146): ST2 = 4, AKRET_DATA_READERROR is occured, same data will be used.
E/FPS     ( 4319): FPS:31.128405
I/WindowManager( 4146): Screenshot max retries 4 of Token{42012a98 ActivityRecord{42012820 u0 com.baidu.setupwizard/.WelcomeActivity t1}} appWin=Window{42281848 u0 com.baidu.setupwizard/com.baidu.setupwizard.WelcomeActivity} drawState=4
W/WindowManager( 4146): Screenshot failure taking screenshot for (720x1280) to layer 21005
I/Timeline( 4496): Timeline: Activity_idle id: android.os.BinderProxy@41c73b30 time:248440
V/Zygote  ( 5498): Switching descriptor 33 to /dev/null
V/Zygote  ( 5498): Switching descriptor 10 to /dev/null
I/ActivityManager( 4146): Start proc com.baidu.android.ota:bdservice_v1 for broadcast com.baidu.android.ota/com.baidu.android.pushservice.PushServiceReceiver: pid=5498 uid=10039 gids={50039, 2001, 3003, 1028, 1015}
I/ContactsIntentResolver( 4843): Called with action: android.intent.action.MAIN
E/libEGL  ( 4319): call to OpenGL ES API with no current context (logged once per thread)
E/TemplateRenderThread( 4319): quit render thread
I/wpa_supplicant( 4699): wlan0: CTRL-EVENT-SCAN-STARTED 
D/dalvikvm( 4146): --- called into dvmAbstractMethodStub
W/dalvikvm( 4146): threadid=12: thread exiting with uncaught exception (group=0x4181ece0)
D/ActivityThread( 5498): handleBindApplication:com.baidu.android.ota:bdservice_v1
D/ActivityThread( 5498): setTargetHeapUtilization:0.75
D/ActivityThread( 5498): setTargetHeapMinFree:2097152
E/AndroidRuntime( 4146): *** FATAL EXCEPTION IN SYSTEM PROCESS: WindowManager
E/AndroidRuntime( 4146): java.lang.AbstractMethodError: abstract method not implemented
E/AndroidRuntime( 4146): 	at com.android.internal.policy.impl.PhoneWindowManager.isImmersiveMode(PhoneWindowManager.java)
E/AndroidRuntime( 4146): 	at com.android.server.wm.WindowManagerService.applyAnimationLocked(WindowManagerService.java:3336)
E/AndroidRuntime( 4146): 	at com.android.server.wm.WindowManagerService.setTokenVisibilityLocked(WindowManagerService.java:4337)
E/AndroidRuntime( 4146): 	at com.android.server.wm.WindowManagerService.handleAppTransitionReadyLocked(WindowManagerService.java:8743)
E/AndroidRuntime( 4146): 	at com.android.server.wm.WindowManagerService.performLayoutAndPlaceSurfacesLockedInner(WindowManagerService.java:9384)
E/AndroidRuntime( 4146): 	at com.android.server.wm.WindowManagerService.performLayoutAndPlaceSurfacesLockedLoop(WindowManagerService.java:8345)
E/AndroidRuntime( 4146): 	at com.android.server.wm.WindowManagerService.performLayoutAndPlaceSurfacesLocked(WindowManagerService.java:8287)
E/AndroidRuntime( 4146): 	at com.android.server.wm.WindowManagerService.access$400(WindowManagerService.java:160)
E/AndroidRuntime( 4146): 	at com.android.server.wm.WindowManagerService$H.handleMessage(WindowManagerService.java:7321)
E/AndroidRuntime( 4146): 	at android.os.Handler.dispatchMessage(Handler.java:102)
E/AndroidRuntime( 4146): 	at android.os.Looper.loop(Looper.java:136)
E/AndroidRuntime( 4146): 	at android.os.HandlerThread.run(HandlerThread.java:61)
D/PhoneStatusBar( 4319): disable: < EXPAND icons alerts ticker system_info BACK HOME recent* CLOCK SEARCH >
D/BaiduKeyguardManager( 4319): sys.product_default_lock_mode -1
D/BaiduKeyguardManager( 4319): total memory:831
D/BaiduKeyguardManager( 4319): total memory:831
E/BaiduKeyguardManager( 4319): sys.product_default_lock_mode aboveCertainMemory 10
I/TargetHandlePanel( 4319): mState=com.baidu.internal.keyguard.space.TargetView$StateIdle@41d1aba8
I/Process ( 4146): Sending signal. PID: 4146 SIG: 9
I/ServiceManager( 1894): service 'power' died
I/ServiceManager( 1894): service 'sensorservice' died
I/ServiceManager( 1894): service 'scheduling_policy' died
I/ServiceManager( 1894): service 'user' died
I/ServiceManager( 1894): service 'batterystats' died
I/ServiceManager( 1894): service 'usagestats' died
I/ServiceManager( 1894): service 'appops' died
I/ServiceManager( 1894): service 'display' died
I/ServiceManager( 1894): service 'telephony.registry' died
I/ServiceManager( 1894): service 'mount' died
I/ServiceManager( 1894): service 'entropy' died
I/ServiceManager( 1894): service 'package' died
I/ServiceManager( 1894): service 'activity' died
I/ServiceManager( 1894): service 'procstats' died
I/ServiceManager( 1894): service 'meminfo' died
I/ServiceManager( 1894): service 'gfxinfo' died
I/ServiceManager( 1894): service 'dbinfo' died
I/ServiceManager( 1894): service 'cpuinfo' died
I/ServiceManager( 1894): service 'statusbar' died
I/ServiceManager( 1894): service 'device_policy' died
I/ServiceManager( 1894): service 'content' died
I/ServiceManager( 1894): service 'account' died
I/ServiceManager( 1894): service 'lock_settings' died
I/ServiceManager( 1894): service 'devicestoragemonitor' died
I/ServiceManager( 1894): service 'alarm' died
I/ServiceManager( 1894): service 'location' died
I/ServiceManager( 1894): service 'input' died
I/ServiceManager( 1894): service 'hardware' died
I/ServiceManager( 1894): service 'battery' died
I/ServiceManager( 1894): service 'country_detector' died
I/ServiceManager( 1894): service 'vibrator' died
I/ServiceManager( 1894): service 'consumer_ir' died
I/ServiceManager( 1894): service 'wallpaper' died
I/ServiceManager( 1894): service 'textservices' died
I/ServiceManager( 1894): service 'clipboard' died
I/ServiceManager( 1894): service 'torch' died
I/ServiceManager( 1894): service 'netstats' died
I/ServiceManager( 1894): service 'network_management' died
I/ServiceManager( 1894): service 'netpolicy' died
I/ServiceManager( 1894): service 'window' died
I/ServiceManager( 1894): service 'Ifttt' died
I/ServiceManager( 1894): service 'DynamicPermissionService' died
I/ServiceManager( 1894): service 'NotificationDefenseService' died
I/ServiceManager( 1894): service 'SmartPowerService' died
I/ServiceManager( 1894): service 'bluetooth_manager' died
I/ServiceManager( 1894): service 'BroadcastManagerService' died
I/ServiceManager( 1894): service 'notification' died
I/ServiceManager( 1894): service 'serial' died
I/ServiceManager( 1894): service 'uimode' died
I/ServiceManager( 1894): service 'accessibility' died
I/ServiceManager( 1894): service 'input_method' died
I/ServiceManager( 1894): service 'AccessControllManager' died
I/ServiceManager( 1894): service 'wifip2p' died
I/ServiceManager( 1894): service 'audio' died
I/ServiceManager( 1894): service 'usb' died
I/ServiceManager( 1894): service 'backup' died
I/ServiceManager( 1894): service 'appwidget' died
I/ServiceManager( 1894): service 'diskstats' died
I/ServiceManager( 1894): service 'samplingprofiler' died
I/ServiceManager( 1894): service 'commontime_management' died
I/ServiceManager( 1894): service 'dreams' died
I/ServiceManager( 1894): service 'assetatlas' died
I/ServiceManager( 1894): service 'themes' died
I/ServiceManager( 1894): service 'media_router' died
I/ServiceManager( 1894): service 'edgegestureservice' died
I/ServiceManager( 1894): service 'print' died
I/ServiceManager( 1894): service 'connectivity' died
I/ServiceManager( 1894): service 'wifi' died
I/ServiceManager( 1894): service 'dropbox' died
I/ServiceManager( 1894): service 'servicediscovery' died
I/ServiceManager( 1894): service 'updatelock' died
I/ServiceManager( 1894): service 'profile' died
I/ServiceManager( 1894): service 'search' died
I/ServiceManager( 1894): service 'permission' died
W/Sensors ( 4457): sensorservice died [0x5d1e6910]
E/WifiManager( 4943): Channel connection lost
W/Sensors ( 4319): sensorservice died [0x5d874d70]
W/AudioFlinger( 3896): power manager service died !!!
E/WifiManager( 4457): Channel connection lost
E/WifiManager( 4415): Channel connection lost
E/WifiManager( 4319): Channel connection lost
E/WifiManager( 4954): Channel connection lost
E/WifiManager( 4908): Channel connection lost
E/WifiManager( 4563): Channel connection lost
E/WifiManager( 4423): Channel connection lost
E/WifiManager( 5332): Channel connection lost
D/AndroidRuntime( 5498): Shutting down VM
W/dalvikvm( 5498): threadid=1: thread exiting with uncaught exception (group=0x4181ece0)
D/SurfaceFlinger( 1904): Screen acquired, type=0 flinger=0x408cc450
D/SurfaceFlinger( 1904):  screen was previously acquired
E/ActivityThread( 5498): Failed to find provider info for com.baidu.bsy.channel
W/Sensors ( 5332): sensorservice died [0x5d2d50e8]
E/BufferQueue( 1904): [com.baidu.setupwizard/com.baidu.setupwizard.WelcomeActivity] dequeueBuffer: BufferQueue has been abandoned!
E/[EGL-ERROR]( 4496): void __egl_platform_dequeue_buffer(egl_surface*):1618: failed to dequeue buffer from native window (0x5d35a658); err = -19, buf = 0x0,max_allowed_dequeued_buffers 3
E/BufferQueue( 1904): [com.baidu.setupwizard/com.baidu.setupwizard.WelcomeActivity] dequeueBuffer: BufferQueue has been abandoned!
E/[EGL-ERROR]( 4496): void __egl_platform_dequeue_buffer(egl_surface*):1618: failed to dequeue buffer from native window (0x5d35a658); err = -19, buf = 0x0,max_allowed_dequeued_buffers 3
E/BufferQueue( 1904): [com.baidu.setupwizard/com.baidu.setupwizard.WelcomeActivity] dequeueBuffer: BufferQueue has been abandoned!
E/[EGL-ERROR]( 4496): void __egl_platform_dequeue_buffer(egl_surface*):1618: failed to dequeue buffer from native window (0x5d35a658); err = -19, buf = 0x0,max_allowed_dequeued_buffers 3
D/OpenGLRenderer( 4496): GL error from OpenGLRenderer: 0x501
E/OpenGLRenderer( 4496):   GL_INVALID_VALUE
E/AndroidRuntime( 5498): FATAL EXCEPTION: main
E/AndroidRuntime( 5498): Process: com.baidu.android.ota:bdservice_v1, PID: 5498
E/AndroidRuntime( 5498): java.lang.RuntimeException: Unable to create application com.baidu.android.ota.OTAApplication: java.lang.NullPointerException
E/AndroidRuntime( 5498): 	at android.app.ActivityThread.handleBindApplication(ActivityThread.java:4476)
E/AndroidRuntime( 5498): 	at android.app.ActivityThread.access$1500(ActivityThread.java:144)
E/AndroidRuntime( 5498): 	at android.app.ActivityThread$H.handleMessage(ActivityThread.java:1265)
E/AndroidRuntime( 5498): 	at android.os.Handler.dispatchMessage(Handler.java:102)
E/AndroidRuntime( 5498): 	at android.os.Looper.loop(Looper.java:136)
E/AndroidRuntime( 5498): 	at android.app.ActivityThread.main(ActivityThread.java:5124)
E/AndroidRuntime( 5498): 	at java.lang.reflect.Method.invokeNative(Native Method)
E/AndroidRuntime( 5498): 	at java.lang.reflect.Method.invoke(Method.java:515)
E/AndroidRuntime( 5498): 	at com.android.internal.os.ZygoteInit$MethodAndArgsCaller.run(ZygoteInit.java:732)
E/AndroidRuntime( 5498): 	at com.android.internal.os.ZygoteInit.main(ZygoteInit.java:566)
E/AndroidRuntime( 5498): 	at dalvik.system.NativeStart.main(Native Method)
E/AndroidRuntime( 5498): Caused by: java.lang.NullPointerException
E/AndroidRuntime( 5498): 	at com.baidu.android.ota.OTAApplication.getCurrentProcessName(OTAApplication.java:46)
E/AndroidRuntime( 5498): 	at com.baidu.android.ota.OTAApplication.onCreate(OTAApplication.java:21)
E/AndroidRuntime( 5498): 	at android.app.Instrumentation.callApplicationOnCreate(Instrumentation.java:1007)
E/AndroidRuntime( 5498): 	at android.app.ActivityThread.handleBindApplication(ActivityThread.java:4473)
E/AndroidRuntime( 5498): 	... 10 more
I/Process ( 5498): Sending signal. PID: 5498 SIG: 9
E/AndroidRuntime( 5498): Error reporting crash
E/AndroidRuntime( 5498): android.os.DeadObjectException
E/AndroidRuntime( 5498): 	at android.os.BinderProxy.transact(Native Method)
E/AndroidRuntime( 5498): 	at android.app.ActivityManagerProxy.handleApplicationCrash(ActivityManagerNative.java:3737)
E/AndroidRuntime( 5498): 	at com.android.internal.os.RuntimeInit$UncaughtHandler.uncaughtException(RuntimeInit.java:84)
E/AndroidRuntime( 5498): 	at java.lang.ThreadGroup.uncaughtException(ThreadGroup.java:693)
E/AndroidRuntime( 5498): 	at java.lang.ThreadGroup.uncaughtException(ThreadGroup.java:690)
E/AndroidRuntime( 5498): 	at dalvik.system.NativeStart.main(Native Method)
E/BufferQueue( 1904): [com.baidu.setupwizard/com.baidu.setupwizard.WelcomeActivity] dequeueBuffer: BufferQueue has been abandoned!
E/[EGL-ERROR]( 4496): void __egl_platform_dequeue_buffer(egl_surface*):1618: failed to dequeue buffer from native window (0x5d35a658); err = -19, buf = 0x0,max_allowed_dequeued_buffers 3
E/BufferQueue( 1904): [com.baidu.setupwizard/com.baidu.setupwizard.WelcomeActivity] dequeueBuffer: BufferQueue has been abandoned!
E/[EGL-ERROR]( 4496): void __egl_platform_dequeue_buffer(egl_surface*):1618: failed to dequeue buffer from native window (0x5d35a658); err = -19, buf = 0x0,max_allowed_dequeued_buffers 3
E/BufferQueue( 1904): [com.baidu.setupwizard/com.baidu.setupwizard.WelcomeActivity] dequeueBuffer: BufferQueue has been abandoned!
E/[EGL-ERROR]( 4496): void __egl_platform_dequeue_buffer(egl_surface*):1618: failed to dequeue buffer from native window (0x5d35a658); err = -19, buf = 0x0,max_allowed_dequeued_buffers 3
D/OpenGLRenderer( 4496): GL error from OpenGLRenderer: 0x501
E/OpenGLRenderer( 4496):   GL_INVALID_VALUE
I/SpaceLockScreen( 4319): onPause,mContext=com.android.keyguard.KeyguardService@41c76628
D/AndroidRuntime( 4319): Shutting down VM
W/dalvikvm( 4319): threadid=1: thread exiting with uncaught exception (group=0x4181ece0)
E/AndroidRuntime( 4319): FATAL EXCEPTION: main
E/AndroidRuntime( 4319): Process: com.android.systemui, PID: 4319
E/AndroidRuntime( 4319): java.lang.RuntimeException: system server dead?
E/AndroidRuntime( 4319): 	at android.appwidget.AppWidgetHost.stopListening(AppWidgetHost.java:187)
E/AndroidRuntime( 4319): 	at com.android.keyguard.KeyguardHostView.onDetachedFromWindow(KeyguardHostView.java:502)
E/AndroidRuntime( 4319): 	at android.view.View.dispatchDetachedFromWindow(View.java:12627)
E/AndroidRuntime( 4319): 	at android.view.ViewGroup.dispatchDetachedFromWindow(ViewGroup.java:2587)
E/AndroidRuntime( 4319): 	at android.view.ViewGroup.removeViewInternal(ViewGroup.java:3845)
E/AndroidRuntime( 4319): 	at android.view.ViewGroup.removeViewInternal(ViewGroup.java:3818)
E/AndroidRuntime( 4319): 	at android.view.ViewGroup.removeView(ViewGroup.java:3750)
E/AndroidRuntime( 4319): 	at com.android.keyguard.KeyguardViewManager$3.run(KeyguardViewManager.java:513)
E/AndroidRuntime( 4319): 	at android.os.Handler.handleCallback(Handler.java:733)
E/AndroidRuntime( 4319): 	at android.os.Handler.dispatchMessage(Handler.java:95)
E/AndroidRuntime( 4319): 	at android.os.Looper.loop(Looper.java:136)
E/AndroidRuntime( 4319): 	at android.app.ActivityThread.main(ActivityThread.java:5124)
E/AndroidRuntime( 4319): 	at java.lang.reflect.Method.invokeNative(Native Method)
E/AndroidRuntime( 4319): 	at java.lang.reflect.Method.invoke(Method.java:515)
E/AndroidRuntime( 4319): 	at com.android.internal.os.ZygoteInit$MethodAndArgsCaller.run(ZygoteInit.java:732)
E/AndroidRuntime( 4319): 	at com.android.internal.os.ZygoteInit.main(ZygoteInit.java:566)
E/AndroidRuntime( 4319): 	at dalvik.system.NativeStart.main(Native Method)
E/AndroidRuntime( 4319): Caused by: android.os.DeadObjectException
E/AndroidRuntime( 4319): 	at android.os.BinderProxy.transact(Native Method)
E/AndroidRuntime( 4319): 	at com.android.internal.appwidget.IAppWidgetService$Stub$Proxy.stopListening(IAppWidgetService.java:474)
E/AndroidRuntime( 4319): 	at android.appwidget.AppWidgetHost.stopListening(AppWidgetHost.java:184)
E/AndroidRuntime( 4319): 	... 16 more
E/AndroidRuntime( 4319): Error reporting crash
E/AndroidRuntime( 4319): android.os.DeadObjectException
E/AndroidRuntime( 4319): 	at android.os.BinderProxy.transact(Native Method)
E/AndroidRuntime( 4319): 	at android.app.ActivityManagerProxy.handleApplicationCrash(ActivityManagerNative.java:3737)
E/AndroidRuntime( 4319): 	at com.android.internal.os.RuntimeInit$UncaughtHandler.uncaughtException(RuntimeInit.java:84)
E/AndroidRuntime( 4319): 	at java.lang.ThreadGroup.uncaughtException(ThreadGroup.java:693)
E/AndroidRuntime( 4319): 	at java.lang.ThreadGroup.uncaughtException(ThreadGroup.java:690)
E/AndroidRuntime( 4319): 	at dalvik.system.NativeStart.main(Native Method)
I/Process ( 4319): Sending signal. PID: 4319 SIG: 9
D/libEGL  ( 5520): loaded /system/lib/egl/libEGL_mali.so
D/libEGL  ( 5520): loaded /system/lib/egl/libGLESv1_CM_mali.so
D/libEGL  ( 5520): loaded /system/lib/egl/libGLESv2_mali.so
E/        ( 5520): Device driver API match
E/        ( 5520): Device driver API version: 29
E/        ( 5520): User space API version: 29 
E/        ( 5520): mali: REVISION=Linux-r3p2-01rel3 BUILD_DATE=Tue Jul 22 19:59:34 KST 2014 
E/cutils-trace( 5520): Error opening trace file: No such file or directory (2)
E/BufferQueue( 1904): [com.baidu.setupwizard/com.baidu.setupwizard.WelcomeActivity] dequeueBuffer: BufferQueue has been abandoned!
E/[EGL-ERROR]( 4496): void __egl_platform_dequeue_buffer(egl_surface*):1618: failed to dequeue buffer from native window (0x5d35a658); err = -19, buf = 0x0,max_allowed_dequeued_buffers 3
E/BufferQueue( 1904): [com.baidu.setupwizard/com.baidu.setupwizard.WelcomeActivity] dequeueBuffer: BufferQueue has been abandoned!
E/[EGL-ERROR]( 4496): void __egl_platform_dequeue_buffer(egl_surface*):1618: failed to dequeue buffer from native window (0x5d35a658); err = -19, buf = 0x0,max_allowed_dequeued_buffers 3
E/BufferQueue( 1904): [com.baidu.setupwizard/com.baidu.setupwizard.WelcomeActivity] dequeueBuffer: BufferQueue has been abandoned!
E/[EGL-ERROR]( 4496): void __egl_platform_dequeue_buffer(egl_surface*):1618: failed to dequeue buffer from native window (0x5d35a658); err = -19, buf = 0x0,max_allowed_dequeued_buffers 3
D/OpenGLRenderer( 4496): GL error from OpenGLRenderer: 0x501
E/OpenGLRenderer( 4496):   GL_INVALID_VALUE
E/installd( 1908): eof
E/installd( 1908): failed to read transaction id
I/installd( 1908): closing connection
D/DynamicPermissionManager( 4843): Service may dead
I/ContactPhotoManager( 4843): Cache adj: 1.0
E/ActivityThread( 4843): Failed to find provider info for sms
D/DynamicPermissionManager( 4843): Service may dead
E/ActivityThread( 4843): Failed to find provider info for mms
E/BufferQueue( 1904): [com.baidu.setupwizard/com.baidu.setupwizard.WelcomeActivity] dequeueBuffer: BufferQueue has been abandoned!
E/[EGL-ERROR]( 4496): void __egl_platform_dequeue_buffer(egl_surface*):1618: failed to dequeue buffer from native window (0x5d35a658); err = -19, buf = 0x0,max_allowed_dequeued_buffers 3
E/BufferQueue( 1904): [com.baidu.setupwizard/com.baidu.setupwizard.WelcomeActivity] dequeueBuffer: BufferQueue has been abandoned!
E/[EGL-ERROR]( 4496): void __egl_platform_dequeue_buffer(egl_surface*):1618: failed to dequeue buffer from native window (0x5d35a658); err = -19, buf = 0x0,max_allowed_dequeued_buffers 3
E/BufferQueue( 1904): [com.baidu.setupwizard/com.baidu.setupwizard.WelcomeActivity] dequeueBuffer: BufferQueue has been abandoned!
E/[EGL-ERROR]( 4496): void __egl_platform_dequeue_buffer(egl_surface*):1618: failed to dequeue buffer from native window (0x5d35a658); err = -19, buf = 0x0,max_allowed_dequeued_buffers 3
D/OpenGLRenderer( 4496): GL error from OpenGLRenderer: 0x501
E/OpenGLRenderer( 4496):   GL_INVALID_VALUE
W/dalvikvm( 4700): threadid=11: thread exiting with uncaught exception (group=0x4181ece0)
E/CountryDetector( 4843): detectCountry: RemoteException
E/CountryDetector( 4843): android.os.DeadObjectException
E/CountryDetector( 4843): 	at android.os.BinderProxy.transact(Native Method)
E/CountryDetector( 4843): 	at android.location.ICountryDetector$Stub$Proxy.detectCountry(ICountryDetector.java:111)
E/CountryDetector( 4843): 	at android.location.CountryDetector.detectCountry(CountryDetector.java:106)
E/CountryDetector( 4843): 	at com.android.contacts.ContactsUtils.getCurrentCountryIso(ContactsUtils.java:191)
E/CountryDetector( 4843): 	at com.android.contacts.dialpad.DialpadFragment.onCreate(DialpadFragment.java:714)
E/CountryDetector( 4843): 	at android.app.Fragment.performCreate(Fragment.java:1678)
E/CountryDetector( 4843): 	at android.app.FragmentManagerImpl.moveToState(FragmentManager.java:859)
E/CountryDetector( 4843): 	at android.app.FragmentManagerImpl.moveToState(FragmentManager.java:1062)
E/CountryDetector( 4843): 	at android.app.BackStackRecord.run(BackStackRecord.java:684)
E/CountryDetector( 4843): 	at android.app.FragmentManagerImpl.execPendingActions(FragmentManager.java:1447)
E/CountryDetector( 4843): 	at android.app.FragmentManagerImpl.executePendingTransactions(FragmentManager.java:479)
E/CountryDetector( 4843): 	at com.android.contacts.activities.PeopleActivity.createViewsAndFragments(PeopleActivity.java:509)
E/CountryDetector( 4843): 	at com.android.contacts.activities.PeopleActivity.onCreate(PeopleActivity.java:322)
E/CountryDetector( 4843): 	at android.app.Activity.performCreate(Activity.java:5231)
E/CountryDetector( 4843): 	at android.app.Instrumentation.callActivityOnCreate(Instrumentation.java:1087)
E/CountryDetector( 4843): 	at android.app.ActivityThread.performLaunchActivity(ActivityThread.java:2169)
E/CountryDetector( 4843): 	at android.app.ActivityThread.handleLaunchActivity(ActivityThread.java:2271)
E/CountryDetector( 4843): 	at android.app.ActivityThread.access$800(ActivityThread.java:144)
E/CountryDetector( 4843): 	at android.app.ActivityThread$H.handleMessage(ActivityThread.java:1205)
E/CountryDetector( 4843): 	at android.os.Handler.dispatchMessage(Handler.java:102)
E/CountryDetector( 4843): 	at android.os.Looper.loop(Looper.java:136)
E/CountryDetector( 4843): 	at android.app.ActivityThread.main(ActivityThread.java:5124)
E/CountryDetector( 4843): 	at java.lang.reflect.Method.invokeNative(Native Method)
E/CountryDetector( 4843): 	at java.lang.reflect.Method.invoke(Method.java:515)
E/CountryDetector( 4843): 	at com.android.internal.os.ZygoteInit$MethodAndArgsCaller.run(ZygoteInit.java:732)
E/CountryDetector( 4843): 	at com.android.internal.os.ZygoteInit.main(ZygoteInit.java:566)
E/CountryDetector( 4843): 	at dalvik.system.NativeStart.main(Native Method)
E/AndroidRuntime( 4700): FATAL EXCEPTION: UpdateChecker
E/AndroidRuntime( 4700): Process: com.baidu.bsf.service, PID: 4700
E/AndroidRuntime( 4700): java.lang.RuntimeException: Package manager has died
E/AndroidRuntime( 4700): 	at android.app.ApplicationPackageManager.getApplicationInfo(ApplicationPackageManager.java:223)
E/AndroidRuntime( 4700): 	at android.app.ApplicationPackageManager.getText(ApplicationPackageManager.java:1030)
E/AndroidRuntime( 4700): 	at android.content.ThemeDefine.interceptLabelRes(ThemeDefine.java:232)
E/AndroidRuntime( 4700): 	at android.content.pm.PackageItemInfo.interceptLabelResBaidu(PackageItemInfo.java)
E/AndroidRuntime( 4700): 	at android.content.pm.PackageItemInfo.loadLabel(PackageItemInfo.java:123)
E/AndroidRuntime( 4700): 	at android.app.ApplicationPackageManager.getApplicationLabel(ApplicationPackageManager.java:1081)
E/AndroidRuntime( 4700): 	at com.baidu.appupdate.service.AppUpdateService$b.f(Unknown Source)
E/AndroidRuntime( 4700): 	at com.baidu.appupdate.service.AppUpdateService$b.handleMessage(Unknown Source)
E/AndroidRuntime( 4700): 	at android.os.Handler.dispatchMessage(Handler.java:102)
E/AndroidRuntime( 4700): 	at android.os.Looper.loop(Looper.java:136)
E/AndroidRuntime( 4700): 	at android.os.HandlerThread.run(HandlerThread.java:61)
E/AndroidRuntime( 4700): Caused by: android.os.DeadObjectException
E/AndroidRuntime( 4700): 	at android.os.BinderProxy.transact(Native Method)
E/AndroidRuntime( 4700): 	at android.content.pm.IPackageManager$Stub$Proxy.getApplicationInfo(IPackageManager.java:1791)
E/AndroidRuntime( 4700): 	at android.app.ApplicationPackageManager.getApplicationInfo(ApplicationPackageManager.java:218)
E/AndroidRuntime( 4700): 	... 10 more
I/Process ( 4700): Sending signal. PID: 4700 SIG: 9
E/AndroidRuntime( 4700): Error reporting crash
E/AndroidRuntime( 4700): android.os.DeadObjectException
E/AndroidRuntime( 4700): 	at android.os.BinderProxy.transact(Native Method)
E/AndroidRuntime( 4700): 	at android.app.ActivityManagerProxy.handleApplicationCrash(ActivityManagerNative.java:3737)
E/AndroidRuntime( 4700): 	at com.android.internal.os.RuntimeInit$UncaughtHandler.uncaughtException(RuntimeInit.java:84)
E/AndroidRuntime( 4700): 	at java.lang.ThreadGroup.uncaughtException(ThreadGroup.java:693)
E/AndroidRuntime( 4700): 	at java.lang.ThreadGroup.uncaughtException(ThreadGroup.java:690)
W/ResourceType( 4843): Attempt to retrieve bag 0x0103011d which is invalid or in a cycle.
W/dalvikvm( 4563): threadid=24: thread exiting with uncaught exception (group=0x4181ece0)
I/Process ( 4563): Sending signal. PID: 4563 SIG: 9
E/BufferQueue( 1904): [com.baidu.setupwizard/com.baidu.setupwizard.WelcomeActivity] dequeueBuffer: BufferQueue has been abandoned!
E/[EGL-ERROR]( 4496): void __egl_platform_dequeue_buffer(egl_surface*):1618: failed to dequeue buffer from native window (0x5d35a658); err = -19, buf = 0x0,max_allowed_dequeued_buffers 3
E/BufferQueue( 1904): [com.baidu.setupwizard/com.baidu.setupwizard.WelcomeActivity] dequeueBuffer: BufferQueue has been abandoned!
E/[EGL-ERROR]( 4496): void __egl_platform_dequeue_buffer(egl_surface*):1618: failed to dequeue buffer from native window (0x5d35a658); err = -19, buf = 0x0,max_allowed_dequeued_buffers 3
E/BufferQueue( 1904): [com.baidu.setupwizard/com.baidu.setupwizard.WelcomeActivity] dequeueBuffer: BufferQueue has been abandoned!
E/[EGL-ERROR]( 4496): void __egl_platform_dequeue_buffer(egl_surface*):1618: failed to dequeue buffer from native window (0x5d35a658); err = -19, buf = 0x0,max_allowed_dequeued_buffers 3
D/OpenGLRenderer( 4496): GL error from OpenGLRenderer: 0x501
E/OpenGLRenderer( 4496):   GL_INVALID_VALUE
D/getHorizontalScrollView( 4843): rendayun getHorizontalScrollView
E/BufferQueue( 1904): [com.baidu.setupwizard/com.baidu.setupwizard.WelcomeActivity] dequeueBuffer: BufferQueue has been abandoned!
E/[EGL-ERROR]( 4496): void __egl_platform_dequeue_buffer(egl_surface*):1618: failed to dequeue buffer from native window (0x5d35a658); err = -19, buf = 0x0,max_allowed_dequeued_buffers 3
E/BufferQueue( 1904): [com.baidu.setupwizard/com.baidu.setupwizard.WelcomeActivity] dequeueBuffer: BufferQueue has been abandoned!
E/[EGL-ERROR]( 4496): void __egl_platform_dequeue_buffer(egl_surface*):1618: failed to dequeue buffer from native window (0x5d35a658); err = -19, buf = 0x0,max_allowed_dequeued_buffers 3
E/BufferQueue( 1904): [com.baidu.setupwizard/com.baidu.setupwizard.WelcomeActivity] dequeueBuffer: BufferQueue has been abandoned!
E/[EGL-ERROR]( 4496): void __egl_platform_dequeue_buffer(egl_surface*):1618: failed to dequeue buffer from native window (0x5d35a658); err = -19, buf = 0x0,max_allowed_dequeued_buffers 3
D/OpenGLRenderer( 4496): GL error from OpenGLRenderer: 0x501
E/OpenGLRenderer( 4496):   GL_INVALID_VALUE
E/BufferQueue( 1904): [com.baidu.setupwizard/com.baidu.setupwizard.WelcomeActivity] dequeueBuffer: BufferQueue has been abandoned!
E/[EGL-ERROR]( 4496): void __egl_platform_dequeue_buffer(egl_surface*):1618: failed to dequeue buffer from native window (0x5d35a658); err = -19, buf = 0x0,max_allowed_dequeued_buffers 3
E/BufferQueue( 1904): [com.baidu.setupwizard/com.baidu.setupwizard.WelcomeActivity] dequeueBuffer: BufferQueue has been abandoned!
E/[EGL-ERROR]( 4496): void __egl_platform_dequeue_buffer(egl_surface*):1618: failed to dequeue buffer from native window (0x5d35a658); err = -19, buf = 0x0,max_allowed_dequeued_buffers 3
E/BufferQueue( 1904): [com.baidu.setupwizard/com.baidu.setupwizard.WelcomeActivity] dequeueBuffer: BufferQueue has been abandoned!
E/[EGL-ERROR]( 4496): void __egl_platform_dequeue_buffer(egl_surface*):1618: failed to dequeue buffer from native window (0x5d35a658); err = -19, buf = 0x0,max_allowed_dequeued_buffers 3
D/OpenGLRenderer( 4496): GL error from OpenGLRenderer: 0x501
E/OpenGLRenderer( 4496):   GL_INVALID_VALUE
E/BufferQueue( 1904): [com.baidu.setupwizard/com.baidu.setupwizard.WelcomeActivity] dequeueBuffer: BufferQueue has been abandoned!
E/[EGL-ERROR]( 4496): void __egl_platform_dequeue_buffer(egl_surface*):1618: failed to dequeue buffer from native window (0x5d35a658); err = -19, buf = 0x0,max_allowed_dequeued_buffers 3
E/BufferQueue( 1904): [com.baidu.setupwizard/com.baidu.setupwizard.WelcomeActivity] dequeueBuffer: BufferQueue has been abandoned!
E/[EGL-ERROR]( 4496): void __egl_platform_dequeue_buffer(egl_surface*):1618: failed to dequeue buffer from native window (0x5d35a658); err = -19, buf = 0x0,max_allowed_dequeued_buffers 3
E/BufferQueue( 1904): [com.baidu.setupwizard/com.baidu.setupwizard.WelcomeActivity] dequeueBuffer: BufferQueue has been abandoned!
E/[EGL-ERROR]( 4496): void __egl_platform_dequeue_buffer(egl_surface*):1618: failed to dequeue buffer from native window (0x5d35a658); err = -19, buf = 0x0,max_allowed_dequeued_buffers 3
D/OpenGLRenderer( 4496): GL error from OpenGLRenderer: 0x501
E/OpenGLRenderer( 4496):   GL_INVALID_VALUE
E/BufferQueue( 1904): [com.baidu.setupwizard/com.baidu.setupwizard.WelcomeActivity] dequeueBuffer: BufferQueue has been abandoned!
E/[EGL-ERROR]( 4496): void __egl_platform_dequeue_buffer(egl_surface*):1618: failed to dequeue buffer from native window (0x5d35a658); err = -19, buf = 0x0,max_allowed_dequeued_buffers 3
E/BufferQueue( 1904): [com.baidu.setupwizard/com.baidu.setupwizard.WelcomeActivity] dequeueBuffer: BufferQueue has been abandoned!
E/[EGL-ERROR]( 4496): void __egl_platform_dequeue_buffer(egl_surface*):1618: failed to dequeue buffer from native window (0x5d35a658); err = -19, buf = 0x0,max_allowed_dequeued_buffers 3
E/BufferQueue( 1904): [com.baidu.setupwizard/com.baidu.setupwizard.WelcomeActivity] dequeueBuffer: BufferQueue has been abandoned!
E/[EGL-ERROR]( 4496): void __egl_platform_dequeue_buffer(egl_surface*):1618: failed to dequeue buffer from native window (0x5d35a658); err = -19, buf = 0x0,max_allowed_dequeued_buffers 3
D/OpenGLRenderer( 4496): GL error from OpenGLRenderer: 0x501
E/OpenGLRenderer( 4496):   GL_INVALID_VALUE
E/BufferQueue( 1904): [com.baidu.setupwizard/com.baidu.setupwizard.WelcomeActivity] dequeueBuffer: BufferQueue has been abandoned!
E/[EGL-ERROR]( 4496): void __egl_platform_dequeue_buffer(egl_surface*):1618: failed to dequeue buffer from native window (0x5d35a658); err = -19, buf = 0x0,max_allowed_dequeued_buffers 3
E/BufferQueue( 1904): [com.baidu.setupwizard/com.baidu.setupwizard.WelcomeActivity] dequeueBuffer: BufferQueue has been abandoned!
E/[EGL-ERROR]( 4496): void __egl_platform_dequeue_buffer(egl_surface*):1618: failed to dequeue buffer from native window (0x5d35a658); err = -19, buf = 0x0,max_allowed_dequeued_buffers 3
E/BufferQueue( 1904): [com.baidu.setupwizard/com.baidu.setupwizard.WelcomeActivity] dequeueBuffer: BufferQueue has been abandoned!
E/[EGL-ERROR]( 4496): void __egl_platform_dequeue_buffer(egl_surface*):1618: failed to dequeue buffer from native window (0x5d35a658); err = -19, buf = 0x0,max_allowed_dequeued_buffers 3
D/OpenGLRenderer( 4496): GL error from OpenGLRenderer: 0x501
E/OpenGLRenderer( 4496):   GL_INVALID_VALUE
